Archive member included to satisfy reference by file (symbol)

/home/nada/.eclipse/com.st.stm32cube.ide.mcu.rcp.product_1.11.2_139060371_linux_gtk_x86_64/plugins/com.st.stm32cube.ide.mcu.externaltools.gnu-tools-for-stm32.11.3.rel1.linux64_1.0.100.202301251239/tools/bin/../lib/gcc/arm-none-eabi/11.3.1/../../../../arm-none-eabi/lib/thumb/v7e-m+fp/hard/libc_nano.a(libc_a-exit.o)
                              /home/nada/.eclipse/com.st.stm32cube.ide.mcu.rcp.product_1.11.2_139060371_linux_gtk_x86_64/plugins/com.st.stm32cube.ide.mcu.externaltools.gnu-tools-for-stm32.11.3.rel1.linux64_1.0.100.202301251239/tools/bin/../lib/gcc/arm-none-eabi/11.3.1/../../../../arm-none-eabi/lib/thumb/v7e-m+fp/hard/crt0.o (exit)
/home/nada/.eclipse/com.st.stm32cube.ide.mcu.rcp.product_1.11.2_139060371_linux_gtk_x86_64/plugins/com.st.stm32cube.ide.mcu.externaltools.gnu-tools-for-stm32.11.3.rel1.linux64_1.0.100.202301251239/tools/bin/../lib/gcc/arm-none-eabi/11.3.1/../../../../arm-none-eabi/lib/thumb/v7e-m+fp/hard/libc_nano.a(libc_a-findfp.o)
                              ./Middlewares/Third_Party/FreeRTOS/Source/tasks.o (__sf)
/home/nada/.eclipse/com.st.stm32cube.ide.mcu.rcp.product_1.11.2_139060371_linux_gtk_x86_64/plugins/com.st.stm32cube.ide.mcu.externaltools.gnu-tools-for-stm32.11.3.rel1.linux64_1.0.100.202301251239/tools/bin/../lib/gcc/arm-none-eabi/11.3.1/../../../../arm-none-eabi/lib/thumb/v7e-m+fp/hard/libc_nano.a(libc_a-fwalk.o)
                              /home/nada/.eclipse/com.st.stm32cube.ide.mcu.rcp.product_1.11.2_139060371_linux_gtk_x86_64/plugins/com.st.stm32cube.ide.mcu.externaltools.gnu-tools-for-stm32.11.3.rel1.linux64_1.0.100.202301251239/tools/bin/../lib/gcc/arm-none-eabi/11.3.1/../../../../arm-none-eabi/lib/thumb/v7e-m+fp/hard/libc_nano.a(libc_a-findfp.o) (_fwalk_sglue)
/home/nada/.eclipse/com.st.stm32cube.ide.mcu.rcp.product_1.11.2_139060371_linux_gtk_x86_64/plugins/com.st.stm32cube.ide.mcu.externaltools.gnu-tools-for-stm32.11.3.rel1.linux64_1.0.100.202301251239/tools/bin/../lib/gcc/arm-none-eabi/11.3.1/../../../../arm-none-eabi/lib/thumb/v7e-m+fp/hard/libc_nano.a(libc_a-stdio.o)
                              /home/nada/.eclipse/com.st.stm32cube.ide.mcu.rcp.product_1.11.2_139060371_linux_gtk_x86_64/plugins/com.st.stm32cube.ide.mcu.externaltools.gnu-tools-for-stm32.11.3.rel1.linux64_1.0.100.202301251239/tools/bin/../lib/gcc/arm-none-eabi/11.3.1/../../../../arm-none-eabi/lib/thumb/v7e-m+fp/hard/libc_nano.a(libc_a-findfp.o) (__sread)
/home/nada/.eclipse/com.st.stm32cube.ide.mcu.rcp.product_1.11.2_139060371_linux_gtk_x86_64/plugins/com.st.stm32cube.ide.mcu.externaltools.gnu-tools-for-stm32.11.3.rel1.linux64_1.0.100.202301251239/tools/bin/../lib/gcc/arm-none-eabi/11.3.1/../../../../arm-none-eabi/lib/thumb/v7e-m+fp/hard/libc_nano.a(libc_a-memset.o)
                              /home/nada/.eclipse/com.st.stm32cube.ide.mcu.rcp.product_1.11.2_139060371_linux_gtk_x86_64/plugins/com.st.stm32cube.ide.mcu.externaltools.gnu-tools-for-stm32.11.3.rel1.linux64_1.0.100.202301251239/tools/bin/../lib/gcc/arm-none-eabi/11.3.1/../../../../arm-none-eabi/lib/thumb/v7e-m+fp/hard/crt0.o (memset)
/home/nada/.eclipse/com.st.stm32cube.ide.mcu.rcp.product_1.11.2_139060371_linux_gtk_x86_64/plugins/com.st.stm32cube.ide.mcu.externaltools.gnu-tools-for-stm32.11.3.rel1.linux64_1.0.100.202301251239/tools/bin/../lib/gcc/arm-none-eabi/11.3.1/../../../../arm-none-eabi/lib/thumb/v7e-m+fp/hard/libc_nano.a(libc_a-closer.o)
                              /home/nada/.eclipse/com.st.stm32cube.ide.mcu.rcp.product_1.11.2_139060371_linux_gtk_x86_64/plugins/com.st.stm32cube.ide.mcu.externaltools.gnu-tools-for-stm32.11.3.rel1.linux64_1.0.100.202301251239/tools/bin/../lib/gcc/arm-none-eabi/11.3.1/../../../../arm-none-eabi/lib/thumb/v7e-m+fp/hard/libc_nano.a(libc_a-stdio.o) (_close_r)
/home/nada/.eclipse/com.st.stm32cube.ide.mcu.rcp.product_1.11.2_139060371_linux_gtk_x86_64/plugins/com.st.stm32cube.ide.mcu.externaltools.gnu-tools-for-stm32.11.3.rel1.linux64_1.0.100.202301251239/tools/bin/../lib/gcc/arm-none-eabi/11.3.1/../../../../arm-none-eabi/lib/thumb/v7e-m+fp/hard/libc_nano.a(libc_a-reent.o)
                              ./Middlewares/Third_Party/FreeRTOS/Source/tasks.o (_reclaim_reent)
/home/nada/.eclipse/com.st.stm32cube.ide.mcu.rcp.product_1.11.2_139060371_linux_gtk_x86_64/plugins/com.st.stm32cube.ide.mcu.externaltools.gnu-tools-for-stm32.11.3.rel1.linux64_1.0.100.202301251239/tools/bin/../lib/gcc/arm-none-eabi/11.3.1/../../../../arm-none-eabi/lib/thumb/v7e-m+fp/hard/libc_nano.a(libc_a-impure.o)
                              ./Middlewares/Third_Party/FreeRTOS/Source/tasks.o (_impure_ptr)
/home/nada/.eclipse/com.st.stm32cube.ide.mcu.rcp.product_1.11.2_139060371_linux_gtk_x86_64/plugins/com.st.stm32cube.ide.mcu.externaltools.gnu-tools-for-stm32.11.3.rel1.linux64_1.0.100.202301251239/tools/bin/../lib/gcc/arm-none-eabi/11.3.1/../../../../arm-none-eabi/lib/thumb/v7e-m+fp/hard/libc_nano.a(libc_a-lseekr.o)
[...]
Memory Configuration

Name             Origin             Length             Attributes
RAM              0x0000000020000000 0x0000000000050000 xrw
FLASH            0x0000000008000000 0x0000000000100000 xr
*default*        0x0000000000000000 0xffffffffffffffff

Linker script and memory map

LOAD /home/nada/.eclipse/com.st.stm32cube.ide.mcu.rcp.product_1.11.2_139060371_linux_gtk_x86_64/plugins/com.st.stm32cube.ide.mcu.externaltools.gnu-tools-for-stm32.11.3.rel1.linux64_1.0.100.202301251239/tools/bin/../lib/gcc/arm-none-eabi/11.3.1/thumb/v7e-m+fp/hard/crti.o
LOAD /home/nada/.eclipse/com.st.stm32cube.ide.mcu.rcp.product_1.11.2_139060371_linux_gtk_x86_64/plugins/com.st.stm32cube.ide.mcu.externaltools.gnu-tools-for-stm32.11.3.rel1.linux64_1.0.100.202301251239/tools/bin/../lib/gcc/arm-none-eabi/11.3.1/thumb/v7e-m+fp/hard/crtbegin.o
LOAD /home/nada/.eclipse/com.st.stm32cube.ide.mcu.rcp.product_1.11.2_139060371_linux_gtk_x86_64/plugins/com.st.stm32cube.ide.mcu.externaltools.gnu-tools-for-stm32.11.3.rel1.linux64_1.0.100.202301251239/tools/bin/../lib/gcc/arm-none-eabi/11.3.1/../../../../arm-none-eabi/lib/thumb/v7e-m+fp/hard/crt0.o
LOAD ./Core/Src/freertos.o
LOAD ./Core/Src/main.o
LOAD ./Core/Src/stm32f7xx_hal_msp.o
LOAD ./Core/Src/stm32f7xx_hal_timebase_tim.o
LOAD ./Core/Src/stm32f7xx_it.o
LOAD ./Core/Src/syscalls.o
LOAD ./Core/Src/sysmem.o
LOAD ./Core/Src/system_stm32f7xx.o
LOAD ./Core/Startup/startup_stm32f746zgtx.o
LOAD ./Drivers/STM32F7xx_HAL_Driver/Src/stm32f7xx_hal.o
LOAD ./Drivers/STM32F7xx_HAL_Driver/Src/stm32f7xx_hal_cortex.o
LOAD ./Drivers/STM32F7xx_HAL_Driver/Src/stm32f7xx_hal_dma.o
LOAD ./Drivers/STM32F7xx_HAL_Driver/Src/stm32f7xx_hal_dma_ex.o
LOAD ./Drivers/STM32F7xx_HAL_Driver/Src/stm32f7xx_hal_eth.o
LOAD ./Drivers/STM32F7xx_HAL_Driver/Src/stm32f7xx_hal_exti.o
LOAD ./Drivers/STM32F7xx_HAL_Driver/Src/stm32f7xx_hal_flash.o
LOAD ./Drivers/STM32F7xx_HAL_Driver/Src/stm32f7xx_hal_flash_ex.o
LOAD ./Drivers/STM32F7xx_HAL_Driver/Src/stm32f7xx_hal_gpio.o
LOAD ./Drivers/STM32F7xx_HAL_Driver/Src/stm32f7xx_hal_i2c.o
LOAD ./Drivers/STM32F7xx_HAL_Driver/Src/stm32f7xx_hal_i2c_ex.o
LOAD ./Drivers/STM32F7xx_HAL_Driver/Src/stm32f7xx_hal_pcd.o
LOAD ./Drivers/STM32F7xx_HAL_Driver/Src/stm32f7xx_hal_pcd_ex.o
LOAD ./Drivers/STM32F7xx_HAL_Driver/Src/stm32f7xx_hal_pwr.o
LOAD ./Drivers/STM32F7xx_HAL_Driver/Src/stm32f7xx_hal_pwr_ex.o
LOAD ./Drivers/STM32F7xx_HAL_Driver/Src/stm32f7xx_hal_rcc.o
LOAD ./Drivers/STM32F7xx_HAL_Driver/Src/stm32f7xx_hal_rcc_ex.o
LOAD ./Drivers/STM32F7xx_HAL_Driver/Src/stm32f7xx_hal_spi.o
LOAD ./Drivers/STM32F7xx_HAL_Driver/Src/stm32f7xx_hal_spi_ex.o
LOAD ./Drivers/STM32F7xx_HAL_Driver/Src/stm32f7xx_hal_tim.o
LOAD ./Drivers/STM32F7xx_HAL_Driver/Src/stm32f7xx_hal_tim_ex.o
LOAD ./Drivers/STM32F7xx_HAL_Driver/Src/stm32f7xx_hal_uart.o
LOAD ./Drivers/STM32F7xx_HAL_Driver/Src/stm32f7xx_hal_uart_ex.o
LOAD ./Drivers/STM32F7xx_HAL_Driver/Src/stm32f7xx_ll_usb.o
LOAD ./Middlewares/Third_Party/FreeRTOS/Source/CMSIS_RTOS_V2/cmsis_os2.o
LOAD ./Middlewares/Third_Party/FreeRTOS/Source/croutine.o
LOAD ./Middlewares/Third_Party/FreeRTOS/Source/event_groups.o
LOAD ./Middlewares/Third_Party/FreeRTOS/Source/list.o
LOAD ./Middlewares/Third_Party/FreeRTOS/Source/queue.o
LOAD ./Middlewares/Third_Party/FreeRTOS/Source/stream_buffer.o
LOAD ./Middlewares/Third_Party/FreeRTOS/Source/tasks.o
LOAD ./Middlewares/Third_Party/FreeRTOS/Source/timers.o
LOAD ./Middlewares/Third_Party/FreeRTOS/Source/portable/GCC/ARM_CM7/r0p1/port.o
LOAD ./Middlewares/Third_Party/FreeRTOS/Source/portable/MemMang/heap_4.o
START GROUP
LOAD /home/nada/.eclipse/com.st.stm32cube.ide.mcu.rcp.product_1.11.2_139060371_linux_gtk_x86_64/plugins/com.st.stm32cube.ide.mcu.externaltools.gnu-tools-for-stm32.11.3.rel1.linux64_1.0.100.202301251239/tools/bin/../lib/gcc/arm-none-eabi/11.3.1/../../../../arm-none-eabi/lib/thumb/v7e-m+fp/hard/libc_nano.a
LOAD /home/nada/.eclipse/com.st.stm32cube.ide.mcu.rcp.product_1.11.2_139060371_linux_gtk_x86_64/plugins/com.st.stm32cube.ide.mcu.externaltools.gnu-tools-for-stm32.11.3.rel1.linux64_1.0.100.202301251239/tools/bin/../lib/gcc/arm-none-eabi/11.3.1/../../../../arm-none-eabi/lib/thumb/v7e-m+fp/hard/libm.a
END GROUP
START GROUP
LOAD /home/nada/.eclipse/com.st.stm32cube.ide.mcu.rcp.product_1.11.2_139060371_linux_gtk_x86_64/plugins/com.st.stm32cube.ide.mcu.externaltools.gnu-tools-for-stm32.11.3.rel1.linux64_1.0.100.202301251239/tools/bin/../lib/gcc/arm-none-eabi/11.3.1/thumb/v7e-m+fp/hard/libgcc.a
LOAD /home/nada/.eclipse/com.st.stm32cube.ide.mcu.rcp.product_1.11.2_139060371_linux_gtk_x86_64/plugins/com.st.stm32cube.ide.mcu.externaltools.gnu-tools-for-stm32.11.3.rel1.linux64_1.0.100.202301251239/tools/bin/../lib/gcc/arm-none-eabi/11.3.1/../../../../arm-none-eabi/lib/thumb/v7e-m+fp/hard/libc_nano.a
END GROUP
START GROUP
LOAD /home/nada/.eclipse/com.st.stm32cube.ide.mcu.rcp.product_1.11.2_139060371_linux_gtk_x86_64/plugins/com.st.stm32cube.ide.mcu.externaltools.gnu-tools-for-stm32.11.3.rel1.linux64_1.0.100.202301251239/tools/bin/../lib/gcc/arm-none-eabi/11.3.1/thumb/v7e-m+fp/hard/libgcc.a
LOAD /home/nada/.eclipse/com.st.stm32cube.ide.mcu.rcp.product_1.11.2_139060371_linux_gtk_x86_64/plugins/com.st.stm32cube.ide.mcu.externaltools.gnu-tools-for-stm32.11.3.rel1.linux64_1.0.100.202301251239/tools/bin/../lib/gcc/arm-none-eabi/11.3.1/../../../../arm-none-eabi/lib/thumb/v7e-m+fp/hard/libc_nano.a
LOAD /home/nada/.eclipse/com.st.stm32cube.ide.mcu.rcp.product_1.11.2_139060371_linux_gtk_x86_64/plugins/com.st.stm32cube.ide.mcu.externaltools.gnu-tools-for-stm32.11.3.rel1.linux64_1.0.100.202301251239/tools/bin/../lib/gcc/arm-none-eabi/11.3.1/../../../../arm-none-eabi/lib/thumb/v7e-m+fp/hard/libnosys.a
END GROUP
START GROUP
LOAD /home/nada/.eclipse/com.st.stm32cube.ide.mcu.rcp.product_1.11.2_139060371_linux_gtk_x86_64/plugins/com.st.stm32cube.ide.mcu.externaltools.gnu-tools-for-stm32.11.3.rel1.linux64_1.0.100.202301251239/tools/bin/../lib/gcc/arm-none-eabi/11.3.1/thumb/v7e-m+fp/hard/libgcc.a
LOAD /home/nada/.eclipse/com.st.stm32cube.ide.mcu.rcp.product_1.11.2_139060371_linux_gtk_x86_64/plugins/com.st.stm32cube.ide.mcu.externaltools.gnu-tools-for-stm32.11.3.rel1.linux64_1.0.100.202301251239/tools/bin/../lib/gcc/arm-none-eabi/11.3.1/../../../../arm-none-eabi/lib/thumb/v7e-m+fp/hard/libc_nano.a
LOAD /home/nada/.eclipse/com.st.stm32cube.ide.mcu.rcp.product_1.11.2_139060371_linux_gtk_x86_64/plugins/com.st.stm32cube.ide.mcu.externaltools.gnu-tools-for-stm32.11.3.rel1.linux64_1.0.100.202301251239/tools/bin/../lib/gcc/arm-none-eabi/11.3.1/../../../../arm-none-eabi/lib/thumb/v7e-m+fp/hard/libnosys.a
END GROUP
LOAD /home/nada/.eclipse/com.st.stm32cube.ide.mcu.rcp.product_1.11.2_139060371_linux_gtk_x86_64/plugins/com.st.stm32cube.ide.mcu.externaltools.gnu-tools-for-stm32.11.3.rel1.linux64_1.0.100.202301251239/tools/bin/../lib/gcc/arm-none-eabi/11.3.1/thumb/v7e-m+fp/hard/crtend.o
LOAD /home/nada/.eclipse/com.st.stm32cube.ide.mcu.rcp.product_1.11.2_139060371_linux_gtk_x86_64/plugins/com.st.stm32cube.ide.mcu.externaltools.gnu-tools-for-stm32.11.3.rel1.linux64_1.0.100.202301251239/tools/bin/../lib/gcc/arm-none-eabi/11.3.1/thumb/v7e-m+fp/hard/crtn.o
                0x0000000020050000                _estack = (ORIGIN (RAM) + LENGTH (RAM))
                0x0000000000000200                _Min_Heap_Size = 0x200
                0x0000000000000400                _Min_Stack_Size = 0x400

.isr_vector     0x0000000008000000      0x1c8
                0x0000000008000000                . = ALIGN (0x4)
 *(.isr_vector)
 .isr_vector    0x0000000008000000      0x1c8 ./Core/Startup/startup_stm32f746zgtx.o
                0x0000000008000000                g_pfnVectors
                0x00000000080001c8                . = ALIGN (0x4)

.text           0x00000000080001d0     0x98c8
                0x00000000080001d0                . = ALIGN (0x4)
 *(.text)
 .text          0x00000000080001d0       0x40 /home/nada/.eclipse/com.st.stm32cube.ide.mcu.rcp.product_1.11.2_139060371_linux_gtk_x86_64/plugins/com.st.stm32cube.ide.mcu.externaltools.gnu-tools-for-stm32.11.3.rel1.linux64_1.0.100.202301251239/tools/bin/../lib/gcc/arm-none-eabi/11.3.1/thumb/v7e-m+fp/hard/crtbegin.o
 .text          0x0000000008000210       0x30 /home/nada/.eclipse/com.st.stm32cube.ide.mcu.rcp.product_1.11.2_139060371_linux_gtk_x86_64/plugins/com.st.stm32cube.ide.mcu.externaltools.gnu-tools-for-stm32.11.3.rel1.linux64_1.0.100.202301251239/tools/bin/../lib/gcc/arm-none-eabi/11.3.1/thumb/v7e-m+fp/hard/libgcc.a(_aeabi_uldivmod.o)
                0x0000000008000210                __aeabi_uldivmod
 .text          0x0000000008000240      0x2c8 /home/nada/.eclipse/com.st.stm32cube.ide.mcu.rcp.product_1.11.2_139060371_linux_gtk_x86_64/plugins/com.st.stm32cube.ide.mcu.externaltools.gnu-tools-for-stm32.11.3.rel1.linux64_1.0.100.202301251239/tools/bin/../lib/gcc/arm-none-eabi/11.3.1/thumb/v7e-m+fp/hard/libgcc.a(_udivmoddi4.o)
                0x0000000008000240                __udivmoddi4
 .text          0x0000000008000508        0x4 /home/nada/.eclipse/com.st.stm32cube.ide.mcu.rcp.product_1.11.2_139060371_linux_gtk_x86_64/plugins/com.st.stm32cube.ide.mcu.externaltools.gnu-tools-for-stm32.11.3.rel1.linux64_1.0.100.202301251239/tools/bin/../lib/gcc/arm-none-eabi/11.3.1/thumb/v7e-m+fp/hard/libgcc.a(_dvmd_tls.o)
                0x0000000008000508                __aeabi_ldiv0
                0x0000000008000508                __aeabi_idiv0
 *(.text*)
 .text.main     0x000000000800050c       0xb8 ./Core/Src/main.o
                0x000000000800050c                main
 .text.SystemClock_Config
                0x00000000080005c4       0xd0 ./Core/Src/main.o
                0x00000000080005c4                SystemClock_Config
 .text.MX_ETH_Init
                0x0000000008000694       0x9c ./Core/Src/main.o
 .text.MX_SPI1_Init
                0x0000000008000730       0x7c ./Core/Src/main.o
 .text.MX_SPI2_Init
                0x00000000080007ac       0x7c ./Core/Src/main.o
 .text.MX_USART3_UART_Init
                0x0000000008000828       0x60 ./Core/Src/main.o
 .text.MX_USB_OTG_FS_PCD_Init
                0x0000000008000888       0x5c ./Core/Src/main.o
 .text.MX_DMA_Init
                0x00000000080008e4       0x4c ./Core/Src/main.o
 .text.MX_GPIO_Init
                0x0000000008000930      0x144 ./Core/Src/main.o
 .text.StartEnable
                0x0000000008000a74       0xd0 ./Core/Src/main.o
                0x0000000008000a74                StartEnable
 .text.StartInit
                0x0000000008000b44      0x120 ./Core/Src/main.o
                0x0000000008000b44                StartInit
 .text.StartUpdate
                0x0000000008000c64      0x1d0 ./Core/Src/main.o
                0x0000000008000c64                StartUpdate
 .text.HAL_TIM_PeriodElapsedCallback
                0x0000000008000e34       0x24 ./Core/Src/main.o
                0x0000000008000e34                HAL_TIM_PeriodElapsedCallback
 .text.Error_Handler
                0x0000000008000e58        0xa ./Core/Src/main.o
                0x0000000008000e58                Error_Handler
 *fill*         0x0000000008000e62        0x2 
 .text.HAL_MspInit
                0x0000000008000e64       0x50 ./Core/Src/stm32f7xx_hal_msp.o
                0x0000000008000e64                HAL_MspInit
 .text.HAL_ETH_MspInit
                0x0000000008000eb4      0x170 ./Core/Src/stm32f7xx_hal_msp.o
                0x0000000008000eb4                HAL_ETH_MspInit
 .text.HAL_SPI_MspInit
                0x0000000008001024      0x160 ./Core/Src/stm32f7xx_hal_msp.o
                0x0000000008001024                HAL_SPI_MspInit
 .text.HAL_UART_MspInit
                0x0000000008001184      0x1a0 ./Core/Src/stm32f7xx_hal_msp.o
                0x0000000008001184                HAL_UART_MspInit
 .text.HAL_PCD_MspInit
                0x0000000008001324       0xf4 ./Core/Src/stm32f7xx_hal_msp.o
                0x0000000008001324                HAL_PCD_MspInit
 .text.HAL_InitTick
                0x0000000008001418       0xf4 ./Core/Src/stm32f7xx_hal_timebase_tim.o
                0x0000000008001418                HAL_InitTick
 .text.NMI_Handler
                0x000000000800150c        0x6 ./Core/Src/stm32f7xx_it.o
                0x000000000800150c                NMI_Handler
 .text.HardFault_Handler
                0x0000000008001512        0x6 ./Core/Src/stm32f7xx_it.o
                0x0000000008001512                HardFault_Handler
 .text.MemManage_Handler
                0x0000000008001518        0x6 ./Core/Src/stm32f7xx_it.o
                0x0000000008001518                MemManage_Handler
 .text.BusFault_Handler
                0x000000000800151e        0x6 ./Core/Src/stm32f7xx_it.o
                0x000000000800151e                BusFault_Handler
 .text.UsageFault_Handler
                0x0000000008001524        0x6 ./Core/Src/stm32f7xx_it.o
                0x0000000008001524                UsageFault_Handler
 .text.DebugMon_Handler
                0x000000000800152a        0xe ./Core/Src/stm32f7xx_it.o
                0x000000000800152a                DebugMon_Handler
 .text.DMA1_Stream1_IRQHandler
                0x0000000008001538       0x14 ./Core/Src/stm32f7xx_it.o
                0x0000000008001538                DMA1_Stream1_IRQHandler
 .text.DMA1_Stream3_IRQHandler
                0x000000000800154c       0x14 ./Core/Src/stm32f7xx_it.o
                0x000000000800154c                DMA1_Stream3_IRQHandler
 .text.USART3_IRQHandler
                0x0000000008001560       0x14 ./Core/Src/stm32f7xx_it.o
                0x0000000008001560                USART3_IRQHandler
 .text.TIM6_DAC_IRQHandler
                0x0000000008001574       0x14 ./Core/Src/stm32f7xx_it.o
                0x0000000008001574                TIM6_DAC_IRQHandler
 .text.SystemInit
                0x0000000008001588       0x24 ./Core/Src/system_stm32f7xx.o
                0x0000000008001588                SystemInit
 .text.Reset_Handler
                0x00000000080015ac       0x50 ./Core/Startup/startup_stm32f746zgtx.o
                0x00000000080015ac                Reset_Handler
 .text.Default_Handler
                0x00000000080015fc        0x2 ./Core/Startup/startup_stm32f746zgtx.o
                0x00000000080015fc                RTC_Alarm_IRQHandler
                0x00000000080015fc                EXTI2_IRQHandler
                0x00000000080015fc                TIM8_CC_IRQHandler
                0x00000000080015fc                UART8_IRQHandler
                0x00000000080015fc                SPI4_IRQHandler
                0x00000000080015fc                TIM1_CC_IRQHandler
                0x00000000080015fc                DMA2_Stream5_IRQHandler
                0x00000000080015fc                DMA1_Stream5_IRQHandler
                0x00000000080015fc                PVD_IRQHandler
                0x00000000080015fc                TAMP_STAMP_IRQHandler
                0x00000000080015fc                CAN2_RX1_IRQHandler
                0x00000000080015fc                EXTI3_IRQHandler
                0x00000000080015fc                TIM8_TRG_COM_TIM14_IRQHandler
                0x00000000080015fc                TIM1_UP_TIM10_IRQHandler
                0x00000000080015fc                TIM8_UP_TIM13_IRQHandler
                0x00000000080015fc                I2C3_ER_IRQHandler
                0x00000000080015fc                EXTI0_IRQHandler
                0x00000000080015fc                I2C2_EV_IRQHandler
                0x00000000080015fc                DMA1_Stream2_IRQHandler
                0x00000000080015fc                CAN1_RX0_IRQHandler
                0x00000000080015fc                FPU_IRQHandler
                0x00000000080015fc                OTG_HS_WKUP_IRQHandler
                0x00000000080015fc                LTDC_ER_IRQHandler
                0x00000000080015fc                CAN2_SCE_IRQHandler
                0x00000000080015fc                DMA2_Stream2_IRQHandler
                0x00000000080015fc                SPI1_IRQHandler
                0x00000000080015fc                TIM1_BRK_TIM9_IRQHandler
                0x00000000080015fc                DCMI_IRQHandler
                0x00000000080015fc                CAN2_RX0_IRQHandler
                0x00000000080015fc                DMA2_Stream3_IRQHandler
                0x00000000080015fc                SAI2_IRQHandler
                0x00000000080015fc                USART6_IRQHandler
                0x00000000080015fc                CAN1_RX1_IRQHandler
                0x00000000080015fc                UART5_IRQHandler
                0x00000000080015fc                DMA2_Stream0_IRQHandler
                0x00000000080015fc                TIM4_IRQHandler
                0x00000000080015fc                QUADSPI_IRQHandler
                0x00000000080015fc                I2C1_EV_IRQHandler
                0x00000000080015fc                DMA1_Stream6_IRQHandler
                0x00000000080015fc                UART4_IRQHandler
                0x00000000080015fc                TIM3_IRQHandler
                0x00000000080015fc                RCC_IRQHandler
                0x00000000080015fc                TIM8_BRK_TIM12_IRQHandler
                0x00000000080015fc                Default_Handler
                0x00000000080015fc                CEC_IRQHandler
                0x00000000080015fc                EXTI15_10_IRQHandler
                0x00000000080015fc                ADC_IRQHandler
                0x00000000080015fc                DMA1_Stream7_IRQHandler
                0x00000000080015fc                SPI5_IRQHandler
                0x00000000080015fc                TIM7_IRQHandler
                0x00000000080015fc                SDMMC1_IRQHandler
                0x00000000080015fc                CAN2_TX_IRQHandler
                0x00000000080015fc                TIM5_IRQHandler
                0x00000000080015fc                DMA2_Stream7_IRQHandler
                0x00000000080015fc                I2C3_EV_IRQHandler
                0x00000000080015fc                EXTI9_5_IRQHandler
                0x00000000080015fc                RTC_WKUP_IRQHandler
                0x00000000080015fc                LTDC_IRQHandler
                0x00000000080015fc                ETH_WKUP_IRQHandler
                0x00000000080015fc                SPDIF_RX_IRQHandler
                0x00000000080015fc                SPI2_IRQHandler
                0x00000000080015fc                OTG_HS_EP1_IN_IRQHandler
                0x00000000080015fc                DMA1_Stream0_IRQHandler
                0x00000000080015fc                CAN1_TX_IRQHandler
                0x00000000080015fc                EXTI4_IRQHandler
                0x00000000080015fc                RNG_IRQHandler
                0x00000000080015fc                ETH_IRQHandler
                0x00000000080015fc                OTG_HS_EP1_OUT_IRQHandler
                0x00000000080015fc                WWDG_IRQHandler
                0x00000000080015fc                SPI6_IRQHandler
                0x00000000080015fc                I2C4_EV_IRQHandler
                0x00000000080015fc                TIM2_IRQHandler
                0x00000000080015fc                OTG_FS_WKUP_IRQHandler
                0x00000000080015fc                TIM1_TRG_COM_TIM11_IRQHandler
                0x00000000080015fc                OTG_HS_IRQHandler
                0x00000000080015fc                DMA2D_IRQHandler
                0x00000000080015fc                EXTI1_IRQHandler
                0x00000000080015fc                UART7_IRQHandler
                0x00000000080015fc                USART2_IRQHandler
                0x00000000080015fc                I2C2_ER_IRQHandler
                0x00000000080015fc                DMA2_Stream1_IRQHandler
                0x00000000080015fc                CAN1_SCE_IRQHandler
                0x00000000080015fc                FLASH_IRQHandler
                0x00000000080015fc                DMA2_Stream4_IRQHandler
                0x00000000080015fc                USART1_IRQHandler
                0x00000000080015fc                OTG_FS_IRQHandler
                0x00000000080015fc                SPI3_IRQHandler
                0x00000000080015fc                DMA1_Stream4_IRQHandler
                0x00000000080015fc                I2C1_ER_IRQHandler
                0x00000000080015fc                FMC_IRQHandler
                0x00000000080015fc                LPTIM1_IRQHandler
                0x00000000080015fc                I2C4_ER_IRQHandler
                0x00000000080015fc                DMA2_Stream6_IRQHandler
                0x00000000080015fc                SAI1_IRQHandler
 .text.HAL_Init
                0x00000000080015fe       0x1a ./Drivers/STM32F7xx_HAL_Driver/Src/stm32f7xx_hal.o
                0x00000000080015fe                HAL_Init
 .text.HAL_IncTick
                0x0000000008001618       0x28 ./Drivers/STM32F7xx_HAL_Driver/Src/stm32f7xx_hal.o
                0x0000000008001618                HAL_IncTick
 .text.HAL_GetTick
                0x0000000008001640       0x18 ./Drivers/STM32F7xx_HAL_Driver/Src/stm32f7xx_hal.o
                0x0000000008001640                HAL_GetTick
 .text.HAL_Delay
                0x0000000008001658       0x48 ./Drivers/STM32F7xx_HAL_Driver/Src/stm32f7xx_hal.o
                0x0000000008001658                HAL_Delay
 .text.__NVIC_SetPriorityGrouping
                0x00000000080016a0       0x48 ./Drivers/STM32F7xx_HAL_Driver/Src/stm32f7xx_hal_cortex.o
 .text.__NVIC_GetPriorityGrouping
                0x00000000080016e8       0x1c ./Drivers/STM32F7xx_HAL_Driver/Src/stm32f7xx_hal_cortex.o
 .text.__NVIC_EnableIRQ
                0x0000000008001704       0x3c ./Drivers/STM32F7xx_HAL_Driver/Src/stm32f7xx_hal_cortex.o
 .text.__NVIC_SetPriority
                0x0000000008001740       0x54 ./Drivers/STM32F7xx_HAL_Driver/Src/stm32f7xx_hal_cortex.o
 .text.NVIC_EncodePriority
                0x0000000008001794       0x66 ./Drivers/STM32F7xx_HAL_Driver/Src/stm32f7xx_hal_cortex.o
 .text.HAL_NVIC_SetPriorityGrouping
                0x00000000080017fa       0x16 ./Drivers/STM32F7xx_HAL_Driver/Src/stm32f7xx_hal_cortex.o
                0x00000000080017fa                HAL_NVIC_SetPriorityGrouping
 .text.HAL_NVIC_SetPriority
                0x0000000008001810       0x38 ./Drivers/STM32F7xx_HAL_Driver/Src/stm32f7xx_hal_cortex.o
                0x0000000008001810                HAL_NVIC_SetPriority
 .text.HAL_NVIC_EnableIRQ
                0x0000000008001848       0x1c ./Drivers/STM32F7xx_HAL_Driver/Src/stm32f7xx_hal_cortex.o
                0x0000000008001848                HAL_NVIC_EnableIRQ
 .text.HAL_DMA_Init
                0x0000000008001864      0x15c ./Drivers/STM32F7xx_HAL_Driver/Src/stm32f7xx_hal_dma.o
                0x0000000008001864                HAL_DMA_Init
 .text.HAL_DMA_Abort
                0x00000000080019c0       0xe0 ./Drivers/STM32F7xx_HAL_Driver/Src/stm32f7xx_hal_dma.o
                0x00000000080019c0                HAL_DMA_Abort
 .text.HAL_DMA_Abort_IT
                0x0000000008001aa0       0x44 ./Drivers/STM32F7xx_HAL_Driver/Src/stm32f7xx_hal_dma.o
                0x0000000008001aa0                HAL_DMA_Abort_IT
 .text.HAL_DMA_IRQHandler
                0x0000000008001ae4      0x314 ./Drivers/STM32F7xx_HAL_Driver/Src/stm32f7xx_hal_dma.o
                0x0000000008001ae4                HAL_DMA_IRQHandler
 .text.DMA_CalcBaseAndBitshift
                0x0000000008001df8       0x6c ./Drivers/STM32F7xx_HAL_Driver/Src/stm32f7xx_hal_dma.o
 .text.DMA_CheckFifoParam
                0x0000000008001e64       0xf8 ./Drivers/STM32F7xx_HAL_Driver/Src/stm32f7xx_hal_dma.o
 .text.HAL_ETH_Init
                0x0000000008001f5c       0xf8 ./Drivers/STM32F7xx_HAL_Driver/Src/stm32f7xx_hal_eth.o
                0x0000000008001f5c                HAL_ETH_Init
 .text.ETH_SetMACConfig
                0x0000000008002054      0x160 ./Drivers/STM32F7xx_HAL_Driver/Src/stm32f7xx_hal_eth.o
 .text.ETH_SetDMAConfig
                0x00000000080021b4      0x114 ./Drivers/STM32F7xx_HAL_Driver/Src/stm32f7xx_hal_eth.o
 .text.ETH_MACDMAConfig
                0x00000000080022c8       0xe4 ./Drivers/STM32F7xx_HAL_Driver/Src/stm32f7xx_hal_eth.o
 .text.ETH_MACAddressConfig
                0x00000000080023ac       0x70 ./Drivers/STM32F7xx_HAL_Driver/Src/stm32f7xx_hal_eth.o
 .text.ETH_DMATxDescListInit
                0x000000000800241c       0xb2 ./Drivers/STM32F7xx_HAL_Driver/Src/stm32f7xx_hal_eth.o
 .text.ETH_DMARxDescListInit
                0x00000000080024ce       0xda ./Drivers/STM32F7xx_HAL_Driver/Src/stm32f7xx_hal_eth.o
 .text.HAL_GPIO_Init
                0x00000000080025a8      0x358 ./Drivers/STM32F7xx_HAL_Driver/Src/stm32f7xx_hal_gpio.o
                0x00000000080025a8                HAL_GPIO_Init
 .text.HAL_GPIO_WritePin
                0x0000000008002900       0x32 ./Drivers/STM32F7xx_HAL_Driver/Src/stm32f7xx_hal_gpio.o
                0x0000000008002900                HAL_GPIO_WritePin
 .text.HAL_PCD_Init
                0x0000000008002932      0x248 ./Drivers/STM32F7xx_HAL_Driver/Src/stm32f7xx_hal_pcd.o
                0x0000000008002932                HAL_PCD_Init
 *fill*         0x0000000008002b7a        0x2 
 .text.HAL_PCDEx_ActivateLPM
                0x0000000008002b7c       0x48 ./Drivers/STM32F7xx_HAL_Driver/Src/stm32f7xx_hal_pcd_ex.o
                0x0000000008002b7c                HAL_PCDEx_ActivateLPM
 .text.HAL_PWR_EnableBkUpAccess
                0x0000000008002bc4       0x20 ./Drivers/STM32F7xx_HAL_Driver/Src/stm32f7xx_hal_pwr.o
                0x0000000008002bc4                HAL_PWR_EnableBkUpAccess
 .text.HAL_RCC_OscConfig
                0x0000000008002be4      0x548 ./Drivers/STM32F7xx_HAL_Driver/Src/stm32f7xx_hal_rcc.o
                0x0000000008002be4                HAL_RCC_OscConfig
 .text.HAL_RCC_ClockConfig
                0x000000000800312c      0x1d8 ./Drivers/STM32F7xx_HAL_Driver/Src/stm32f7xx_hal_rcc.o
                0x000000000800312c                HAL_RCC_ClockConfig
 .text.HAL_RCC_GetSysClockFreq
                0x0000000008003304      0x20c ./Drivers/STM32F7xx_HAL_Driver/Src/stm32f7xx_hal_rcc.o
                0x0000000008003304                HAL_RCC_GetSysClockFreq
 .text.HAL_RCC_GetHCLKFreq
                0x0000000008003510       0x18 ./Drivers/STM32F7xx_HAL_Driver/Src/stm32f7xx_hal_rcc.o
                0x0000000008003510                HAL_RCC_GetHCLKFreq
 .text.HAL_RCC_GetPCLK1Freq
                0x0000000008003528       0x28 ./Drivers/STM32F7xx_HAL_Driver/Src/stm32f7xx_hal_rcc.o
                0x0000000008003528                HAL_RCC_GetPCLK1Freq
 .text.HAL_RCC_GetPCLK2Freq
                0x0000000008003550       0x28 ./Drivers/STM32F7xx_HAL_Driver/Src/stm32f7xx_hal_rcc.o
                0x0000000008003550                HAL_RCC_GetPCLK2Freq
 .text.HAL_RCC_GetClockConfig
                0x0000000008003578       0x64 ./Drivers/STM32F7xx_HAL_Driver/Src/stm32f7xx_hal_rcc.o
                0x0000000008003578                HAL_RCC_GetClockConfig
 .text.HAL_RCCEx_PeriphCLKConfig
                0x00000000080035dc      0x7e0 ./Drivers/STM32F7xx_HAL_Driver/Src/stm32f7xx_hal_rcc_ex.o
                0x00000000080035dc                HAL_RCCEx_PeriphCLKConfig
 .text.HAL_SPI_Init
                0x0000000008003dbc      0x156 ./Drivers/STM32F7xx_HAL_Driver/Src/stm32f7xx_hal_spi.o
                0x0000000008003dbc                HAL_SPI_Init
 .text.HAL_SPI_Transmit
                0x0000000008003f12      0x2dc ./Drivers/STM32F7xx_HAL_Driver/Src/stm32f7xx_hal_spi.o
                0x0000000008003f12                HAL_SPI_Transmit
 *fill*         0x00000000080041ee        0x2 
 .text.SPI_WaitFlagStateUntilTimeout
                0x00000000080041f0      0x110 ./Drivers/STM32F7xx_HAL_Driver/Src/stm32f7xx_hal_spi.o
 .text.SPI_WaitFifoStateUntilTimeout
                0x0000000008004300      0x12c ./Drivers/STM32F7xx_HAL_Driver/Src/stm32f7xx_hal_spi.o
 .text.SPI_EndRxTxTransaction
                0x000000000800442c       0xd4 ./Drivers/STM32F7xx_HAL_Driver/Src/stm32f7xx_hal_spi.o
 .text.HAL_TIM_Base_Init
                0x0000000008004500       0xae ./Drivers/STM32F7xx_HAL_Driver/Src/stm32f7xx_hal_tim.o
                0x0000000008004500                HAL_TIM_Base_Init
 .text.HAL_TIM_Base_MspInit
                0x00000000080045ae       0x14 ./Drivers/STM32F7xx_HAL_Driver/Src/stm32f7xx_hal_tim.o
                0x00000000080045ae                HAL_TIM_Base_MspInit
 *fill*         0x00000000080045c2        0x2 
 .text.HAL_TIM_Base_Start_IT
                0x00000000080045c4       0xf0 ./Drivers/STM32F7xx_HAL_Driver/Src/stm32f7xx_hal_tim.o
                0x00000000080045c4                HAL_TIM_Base_Start_IT
 .text.HAL_TIM_IRQHandler
                0x00000000080046b4      0x23e ./Drivers/STM32F7xx_HAL_Driver/Src/stm32f7xx_hal_tim.o
                0x00000000080046b4                HAL_TIM_IRQHandler
 .text.HAL_TIM_OC_DelayElapsedCallback
                0x00000000080048f2       0x14 ./Drivers/STM32F7xx_HAL_Driver/Src/stm32f7xx_hal_tim.o
                0x00000000080048f2                HAL_TIM_OC_DelayElapsedCallback
 .text.HAL_TIM_IC_CaptureCallback
                0x0000000008004906       0x14 ./Drivers/STM32F7xx_HAL_Driver/Src/stm32f7xx_hal_tim.o
                0x0000000008004906                HAL_TIM_IC_CaptureCallback
 .text.HAL_TIM_PWM_PulseFinishedCallback
                0x000000000800491a       0x14 ./Drivers/STM32F7xx_HAL_Driver/Src/stm32f7xx_hal_tim.o
                0x000000000800491a                HAL_TIM_PWM_PulseFinishedCallback
 .text.HAL_TIM_TriggerCallback
                0x000000000800492e       0x14 ./Drivers/STM32F7xx_HAL_Driver/Src/stm32f7xx_hal_tim.o
                0x000000000800492e                HAL_TIM_TriggerCallback
 *fill*         0x0000000008004942        0x2 
 .text.TIM_Base_SetConfig
                0x0000000008004944      0x140 ./Drivers/STM32F7xx_HAL_Driver/Src/stm32f7xx_hal_tim.o
                0x0000000008004944                TIM_Base_SetConfig
 .text.HAL_TIMEx_CommutCallback
                0x0000000008004a84       0x14 ./Drivers/STM32F7xx_HAL_Driver/Src/stm32f7xx_hal_tim_ex.o
                0x0000000008004a84                HAL_TIMEx_CommutCallback
 .text.HAL_TIMEx_BreakCallback
                0x0000000008004a98       0x14 ./Drivers/STM32F7xx_HAL_Driver/Src/stm32f7xx_hal_tim_ex.o
                0x0000000008004a98                HAL_TIMEx_BreakCallback
 .text.HAL_TIMEx_Break2Callback
                0x0000000008004aac       0x14 ./Drivers/STM32F7xx_HAL_Driver/Src/stm32f7xx_hal_tim_ex.o
                0x0000000008004aac                HAL_TIMEx_Break2Callback
 .text.HAL_UART_Init
                0x0000000008004ac0       0x9c ./Drivers/STM32F7xx_HAL_Driver/Src/stm32f7xx_hal_uart.o
                0x0000000008004ac0                HAL_UART_Init
 .text.HAL_UART_IRQHandler
                0x0000000008004b5c      0x5a4 ./Drivers/STM32F7xx_HAL_Driver/Src/stm32f7xx_hal_uart.o
                0x0000000008004b5c                HAL_UART_IRQHandler
 .text.HAL_UART_TxCpltCallback
                0x0000000008005100       0x14 ./Drivers/STM32F7xx_HAL_Driver/Src/stm32f7xx_hal_uart.o
                0x0000000008005100                HAL_UART_TxCpltCallback
 .text.HAL_UART_ErrorCallback
                0x0000000008005114       0x14 ./Drivers/STM32F7xx_HAL_Driver/Src/stm32f7xx_hal_uart.o
                0x0000000008005114                HAL_UART_ErrorCallback
 .text.HAL_UARTEx_RxEventCallback
                0x0000000008005128       0x18 ./Drivers/STM32F7xx_HAL_Driver/Src/stm32f7xx_hal_uart.o
                0x0000000008005128                HAL_UARTEx_RxEventCallback
 .text.UART_SetConfig
                0x0000000008005140      0x4c8 ./Drivers/STM32F7xx_HAL_Driver/Src/stm32f7xx_hal_uart.o
                0x0000000008005140                UART_SetConfig
 .text.UART_AdvFeatureConfig
                0x0000000008005608      0x144 ./Drivers/STM32F7xx_HAL_Driver/Src/stm32f7xx_hal_uart.o
                0x0000000008005608                UART_AdvFeatureConfig
 .text.UART_CheckIdleState
                0x000000000800574c       0x6e ./Drivers/STM32F7xx_HAL_Driver/Src/stm32f7xx_hal_uart.o
                0x000000000800574c                UART_CheckIdleState
 .text.UART_WaitOnFlagUntilTimeout
                0x00000000080057ba      0x18c ./Drivers/STM32F7xx_HAL_Driver/Src/stm32f7xx_hal_uart.o
                0x00000000080057ba                UART_WaitOnFlagUntilTimeout
 .text.UART_EndRxTransfer
                0x0000000008005946       0xc8 ./Drivers/STM32F7xx_HAL_Driver/Src/stm32f7xx_hal_uart.o
 .text.UART_DMAAbortOnError
                0x0000000008005a0e       0x2c ./Drivers/STM32F7xx_HAL_Driver/Src/stm32f7xx_hal_uart.o
 .text.UART_EndTransmit_IT
                0x0000000008005a3a       0x54 ./Drivers/STM32F7xx_HAL_Driver/Src/stm32f7xx_hal_uart.o
 *fill*         0x0000000008005a8e        0x2 
 .text.USB_CoreInit
                0x0000000008005a90       0xb0 ./Drivers/STM32F7xx_HAL_Driver/Src/stm32f7xx_ll_usb.o
                0x0000000008005a90                USB_CoreInit
 .text.USB_DisableGlobalInt
                0x0000000008005b40       0x22 ./Drivers/STM32F7xx_HAL_Driver/Src/stm32f7xx_ll_usb.o
                0x0000000008005b40                USB_DisableGlobalInt
 .text.USB_SetCurrentMode
                0x0000000008005b62       0x98 ./Drivers/STM32F7xx_HAL_Driver/Src/stm32f7xx_ll_usb.o
                0x0000000008005b62                USB_SetCurrentMode
 *fill*         0x0000000008005bfa        0x2 
 .text.USB_DevInit
                0x0000000008005bfc      0x2bc ./Drivers/STM32F7xx_HAL_Driver/Src/stm32f7xx_ll_usb.o
                0x0000000008005bfc                USB_DevInit
 .text.USB_FlushTxFifo
                0x0000000008005eb8       0x68 ./Drivers/STM32F7xx_HAL_Driver/Src/stm32f7xx_ll_usb.o
                0x0000000008005eb8                USB_FlushTxFifo
 .text.USB_FlushRxFifo
                0x0000000008005f20       0x60 ./Drivers/STM32F7xx_HAL_Driver/Src/stm32f7xx_ll_usb.o
                0x0000000008005f20                USB_FlushRxFifo
 .text.USB_SetDevSpeed
                0x0000000008005f80       0x32 ./Drivers/STM32F7xx_HAL_Driver/Src/stm32f7xx_ll_usb.o
                0x0000000008005f80                USB_SetDevSpeed
 .text.USB_DevDisconnect
                0x0000000008005fb2       0x42 ./Drivers/STM32F7xx_HAL_Driver/Src/stm32f7xx_ll_usb.o
                0x0000000008005fb2                USB_DevDisconnect
 .text.USB_GetMode
                0x0000000008005ff4       0x1c ./Drivers/STM32F7xx_HAL_Driver/Src/stm32f7xx_ll_usb.o
                0x0000000008005ff4                USB_GetMode
 .text.USB_CoreReset
                0x0000000008006010       0x68 ./Drivers/STM32F7xx_HAL_Driver/Src/stm32f7xx_ll_usb.o
 .text.SVC_Setup
                0x0000000008006078        0xe ./Middlewares/Third_Party/FreeRTOS/Source/CMSIS_RTOS_V2/cmsis_os2.o
 *fill*         0x0000000008006086        0x2 
 .text.osKernelInitialize
                0x0000000008006088       0x68 ./Middlewares/Third_Party/FreeRTOS/Source/CMSIS_RTOS_V2/cmsis_os2.o
                0x0000000008006088                osKernelInitialize
 .text.osKernelStart
                0x00000000080060f0       0x6c ./Middlewares/Third_Party/FreeRTOS/Source/CMSIS_RTOS_V2/cmsis_os2.o
                0x00000000080060f0                osKernelStart
 .text.osThreadNew
                0x000000000800615c      0x14c ./Middlewares/Third_Party/FreeRTOS/Source/CMSIS_RTOS_V2/cmsis_os2.o
                0x000000000800615c                osThreadNew
 .text.osDelay  0x00000000080062a8       0x5c ./Middlewares/Third_Party/FreeRTOS/Source/CMSIS_RTOS_V2/cmsis_os2.o
                0x00000000080062a8                osDelay
 .text.osSemaphoreNew
                0x0000000008006304      0x138 ./Middlewares/Third_Party/FreeRTOS/Source/CMSIS_RTOS_V2/cmsis_os2.o
                0x0000000008006304                osSemaphoreNew
 .text.osSemaphoreAcquire
                0x000000000800643c       0xcc ./Middlewares/Third_Party/FreeRTOS/Source/CMSIS_RTOS_V2/cmsis_os2.o
                0x000000000800643c                osSemaphoreAcquire
 .text.osSemaphoreRelease
                0x0000000008006508       0xb0 ./Middlewares/Third_Party/FreeRTOS/Source/CMSIS_RTOS_V2/cmsis_os2.o
                0x0000000008006508                osSemaphoreRelease
 .text.vApplicationGetIdleTaskMemory
                0x00000000080065b8       0x34 ./Middlewares/Third_Party/FreeRTOS/Source/CMSIS_RTOS_V2/cmsis_os2.o
                0x00000000080065b8                vApplicationGetIdleTaskMemory
 .text.vApplicationGetTimerTaskMemory
                0x00000000080065ec       0x34 ./Middlewares/Third_Party/FreeRTOS/Source/CMSIS_RTOS_V2/cmsis_os2.o
                0x00000000080065ec                vApplicationGetTimerTaskMemory
 .text.vListInitialise
                0x0000000008006620       0x40 ./Middlewares/Third_Party/FreeRTOS/Source/list.o
                0x0000000008006620                vListInitialise
 .text.vListInitialiseItem
                0x0000000008006660       0x1a ./Middlewares/Third_Party/FreeRTOS/Source/list.o
                0x0000000008006660                vListInitialiseItem
 .text.vListInsertEnd
                0x000000000800667a       0x48 ./Middlewares/Third_Party/FreeRTOS/Source/list.o
                0x000000000800667a                vListInsertEnd
 .text.vListInsert
                0x00000000080066c2       0x72 ./Middlewares/Third_Party/FreeRTOS/Source/list.o
                0x00000000080066c2                vListInsert
 .text.uxListRemove
                0x0000000008006734       0x54 ./Middlewares/Third_Party/FreeRTOS/Source/list.o
                0x0000000008006734                uxListRemove
 .text.xQueueGenericReset
                0x0000000008006788       0xd4 ./Middlewares/Third_Party/FreeRTOS/Source/queue.o
                0x0000000008006788                xQueueGenericReset
 .text.xQueueGenericCreateStatic
                0x000000000800685c      0x104 ./Middlewares/Third_Party/FreeRTOS/Source/queue.o
                0x000000000800685c                xQueueGenericCreateStatic
 .text.xQueueGenericCreate
                0x0000000008006960       0x84 ./Middlewares/Third_Party/FreeRTOS/Source/queue.o
                0x0000000008006960                xQueueGenericCreate
 .text.prvInitialiseNewQueue
                0x00000000080069e4       0x46 ./Middlewares/Third_Party/FreeRTOS/Source/queue.o
 .text.xQueueCreateCountingSemaphoreStatic
                0x0000000008006a2a       0x76 ./Middlewares/Third_Party/FreeRTOS/Source/queue.o
                0x0000000008006a2a                xQueueCreateCountingSemaphoreStatic
 .text.xQueueCreateCountingSemaphore
                0x0000000008006aa0       0x6e ./Middlewares/Third_Party/FreeRTOS/Source/queue.o
                0x0000000008006aa0                xQueueCreateCountingSemaphore
 *fill*         0x0000000008006b0e        0x2 
 .text.xQueueGenericSend
                0x0000000008006b10      0x20c ./Middlewares/Third_Party/FreeRTOS/Source/queue.o
                0x0000000008006b10                xQueueGenericSend
 .text.xQueueGenericSendFromISR
                0x0000000008006d1c      0x140 ./Middlewares/Third_Party/FreeRTOS/Source/queue.o
                0x0000000008006d1c                xQueueGenericSendFromISR
 .text.xQueueGiveFromISR
                0x0000000008006e5c      0x12a ./Middlewares/Third_Party/FreeRTOS/Source/queue.o
                0x0000000008006e5c                xQueueGiveFromISR
 *fill*         0x0000000008006f86        0x2 
 .text.xQueueReceive
                0x0000000008006f88      0x1cc ./Middlewares/Third_Party/FreeRTOS/Source/queue.o
                0x0000000008006f88                xQueueReceive
 .text.xQueueSemaphoreTake
                0x0000000008007154      0x228 ./Middlewares/Third_Party/FreeRTOS/Source/queue.o
                0x0000000008007154                xQueueSemaphoreTake
 .text.xQueueReceiveFromISR
                0x000000000800737c      0x10c ./Middlewares/Third_Party/FreeRTOS/Source/queue.o
                0x000000000800737c                xQueueReceiveFromISR
 .text.vQueueDelete
                0x0000000008007488       0x4a ./Middlewares/Third_Party/FreeRTOS/Source/queue.o
                0x0000000008007488                vQueueDelete
 .text.prvGetDisinheritPriorityAfterTimeout
                0x00000000080074d2       0x30 ./Middlewares/Third_Party/FreeRTOS/Source/queue.o
 .text.prvCopyDataToQueue
                0x0000000008007502       0xd4 ./Middlewares/Third_Party/FreeRTOS/Source/queue.o
 .text.prvCopyDataFromQueue
                0x00000000080075d6       0x4c ./Middlewares/Third_Party/FreeRTOS/Source/queue.o
 .text.prvUnlockQueue
                0x0000000008007622       0xa4 ./Middlewares/Third_Party/FreeRTOS/Source/queue.o
 .text.prvIsQueueEmpty
                0x00000000080076c6       0x2c ./Middlewares/Third_Party/FreeRTOS/Source/queue.o
 .text.prvIsQueueFull
                0x00000000080076f2       0x30 ./Middlewares/Third_Party/FreeRTOS/Source/queue.o
 *fill*         0x0000000008007722        0x2 
 .text.vQueueAddToRegistry
                0x0000000008007724       0x54 ./Middlewares/Third_Party/FreeRTOS/Source/queue.o
                0x0000000008007724                vQueueAddToRegistry
 .text.vQueueUnregisterQueue
                0x0000000008007778       0x54 ./Middlewares/Third_Party/FreeRTOS/Source/queue.o
                0x0000000008007778                vQueueUnregisterQueue
 .text.vQueueWaitForMessageRestricted
                0x00000000080077cc       0x68 ./Middlewares/Third_Party/FreeRTOS/Source/queue.o
                0x00000000080077cc                vQueueWaitForMessageRestricted
 .text.xTaskCreateStatic
                0x0000000008007834       0xc6 ./Middlewares/Third_Party/FreeRTOS/Source/tasks.o
                0x0000000008007834                xTaskCreateStatic
 .text.xTaskCreate
                0x00000000080078fa       0x8a ./Middlewares/Third_Party/FreeRTOS/Source/tasks.o
                0x00000000080078fa                xTaskCreate
 .text.prvInitialiseNewTask
                0x0000000008007984      0x150 ./Middlewares/Third_Party/FreeRTOS/Source/tasks.o
 .text.prvAddNewTaskToReadyList
                0x0000000008007ad4       0xe0 ./Middlewares/Third_Party/FreeRTOS/Source/tasks.o
 .text.vTaskDelete
                0x0000000008007bb4       0xe8 ./Middlewares/Third_Party/FreeRTOS/Source/tasks.o
                0x0000000008007bb4                vTaskDelete
 .text.vTaskDelay
                0x0000000008007c9c       0x6c ./Middlewares/Third_Party/FreeRTOS/Source/tasks.o
                0x0000000008007c9c                vTaskDelay
 .text.vTaskStartScheduler
                0x0000000008007d08       0xe8 ./Middlewares/Third_Party/FreeRTOS/Source/tasks.o
                0x0000000008007d08                vTaskStartScheduler
 .text.vTaskSuspendAll
                0x0000000008007df0       0x1c ./Middlewares/Third_Party/FreeRTOS/Source/tasks.o
                0x0000000008007df0                vTaskSuspendAll
 .text.xTaskResumeAll
                0x0000000008007e0c      0x140 ./Middlewares/Third_Party/FreeRTOS/Source/tasks.o
                0x0000000008007e0c                xTaskResumeAll
 .text.xTaskGetTickCount
                0x0000000008007f4c       0x20 ./Middlewares/Third_Party/FreeRTOS/Source/tasks.o
                0x0000000008007f4c                xTaskGetTickCount
 .text.xTaskIncrementTick
                0x0000000008007f6c      0x178 ./Middlewares/Third_Party/FreeRTOS/Source/tasks.o
                0x0000000008007f6c                xTaskIncrementTick
 .text.vTaskSwitchContext
                0x00000000080080e4       0xcc ./Middlewares/Third_Party/FreeRTOS/Source/tasks.o
                0x00000000080080e4                vTaskSwitchContext
 .text.vTaskPlaceOnEventList
                0x00000000080081b0       0x4c ./Middlewares/Third_Party/FreeRTOS/Source/tasks.o
                0x00000000080081b0                vTaskPlaceOnEventList
 .text.vTaskPlaceOnEventListRestricted
                0x00000000080081fc       0x5c ./Middlewares/Third_Party/FreeRTOS/Source/tasks.o
                0x00000000080081fc                vTaskPlaceOnEventListRestricted
 .text.xTaskRemoveFromEventList
                0x0000000008008258       0xcc ./Middlewares/Third_Party/FreeRTOS/Source/tasks.o
                0x0000000008008258                xTaskRemoveFromEventList
 .text.vTaskInternalSetTimeOutState
                0x0000000008008324       0x2c ./Middlewares/Third_Party/FreeRTOS/Source/tasks.o
                0x0000000008008324                vTaskInternalSetTimeOutState
 .text.xTaskCheckForTimeOut
                0x0000000008008350       0xcc ./Middlewares/Third_Party/FreeRTOS/Source/tasks.o
                0x0000000008008350                xTaskCheckForTimeOut
 .text.vTaskMissedYield
                0x000000000800841c       0x18 ./Middlewares/Third_Party/FreeRTOS/Source/tasks.o
                0x000000000800841c                vTaskMissedYield
 .text.prvIdleTask
                0x0000000008008434       0x30 ./Middlewares/Third_Party/FreeRTOS/Source/tasks.o
 .text.prvInitialiseTaskLists
                0x0000000008008464       0x80 ./Middlewares/Third_Party/FreeRTOS/Source/tasks.o
 .text.prvCheckTasksWaitingTermination
                0x00000000080084e4       0x5c ./Middlewares/Third_Party/FreeRTOS/Source/tasks.o
 .text.prvDeleteTCB
                0x0000000008008540       0x6c ./Middlewares/Third_Party/FreeRTOS/Source/tasks.o
 .text.prvResetNextTaskUnblockTime
                0x00000000080085ac       0x40 ./Middlewares/Third_Party/FreeRTOS/Source/tasks.o
 .text.xTaskGetSchedulerState
                0x00000000080085ec       0x3c ./Middlewares/Third_Party/FreeRTOS/Source/tasks.o
                0x00000000080085ec                xTaskGetSchedulerState
 .text.xTaskPriorityInherit
                0x0000000008008628       0xd0 ./Middlewares/Third_Party/FreeRTOS/Source/tasks.o
                0x0000000008008628                xTaskPriorityInherit
 .text.xTaskPriorityDisinherit
                0x00000000080086f8       0xe4 ./Middlewares/Third_Party/FreeRTOS/Source/tasks.o
                0x00000000080086f8                xTaskPriorityDisinherit
 .text.vTaskPriorityDisinheritAfterTimeout
                0x00000000080087dc      0x10c ./Middlewares/Third_Party/FreeRTOS/Source/tasks.o
                0x00000000080087dc                vTaskPriorityDisinheritAfterTimeout
 .text.pvTaskIncrementMutexHeldCount
                0x00000000080088e8       0x28 ./Middlewares/Third_Party/FreeRTOS/Source/tasks.o
                0x00000000080088e8                pvTaskIncrementMutexHeldCount
 .text.prvAddCurrentTaskToDelayedList
                0x0000000008008910       0xa8 ./Middlewares/Third_Party/FreeRTOS/Source/tasks.o
 .text.xTimerCreateTimerTask
                0x00000000080089b8       0x94 ./Middlewares/Third_Party/FreeRTOS/Source/timers.o
                0x00000000080089b8                xTimerCreateTimerTask
 .text.xTimerGenericCommand
                0x0000000008008a4c       0xa0 ./Middlewares/Third_Party/FreeRTOS/Source/timers.o
                0x0000000008008a4c                xTimerGenericCommand
 .text.prvProcessExpiredTimer
                0x0000000008008aec       0x9c ./Middlewares/Third_Party/FreeRTOS/Source/timers.o
 .text.prvTimerTask
                0x0000000008008b88       0x24 ./Middlewares/Third_Party/FreeRTOS/Source/timers.o
 .text.prvProcessTimerOrBlockTask
                0x0000000008008bac       0x9c ./Middlewares/Third_Party/FreeRTOS/Source/timers.o
 .text.prvGetNextExpireTime
                0x0000000008008c48       0x48 ./Middlewares/Third_Party/FreeRTOS/Source/timers.o
 .text.prvSampleTimeNow
                0x0000000008008c90       0x40 ./Middlewares/Third_Party/FreeRTOS/Source/timers.o
 .text.prvInsertTimerInActiveList
                0x0000000008008cd0       0x84 ./Middlewares/Third_Party/FreeRTOS/Source/timers.o
 .text.prvProcessReceivedCommands
                0x0000000008008d54      0x1d0 ./Middlewares/Third_Party/FreeRTOS/Source/timers.o
 .text.prvSwitchTimerLists
                0x0000000008008f24       0xcc ./Middlewares/Third_Party/FreeRTOS/Source/timers.o
 .text.prvCheckForValidListAndQueue
                0x0000000008008ff0       0x80 ./Middlewares/Third_Party/FreeRTOS/Source/timers.o
 .text.pxPortInitialiseStack
                0x0000000008009070       0x68 ./Middlewares/Third_Party/FreeRTOS/Source/portable/GCC/ARM_CM7/r0p1/port.o
                0x0000000008009070                pxPortInitialiseStack
 .text.prvTaskExitError
                0x00000000080090d8       0x60 ./Middlewares/Third_Party/FreeRTOS/Source/portable/GCC/ARM_CM7/r0p1/port.o
 *fill*         0x0000000008009138        0x8 
 .text.SVC_Handler
                0x0000000008009140       0x28 ./Middlewares/Third_Party/FreeRTOS/Source/portable/GCC/ARM_CM7/r0p1/port.o
                0x0000000008009140                SVC_Handler
 .text.prvPortStartFirstTask
                0x0000000008009168       0x28 ./Middlewares/Third_Party/FreeRTOS/Source/portable/GCC/ARM_CM7/r0p1/port.o
 .text.xPortStartScheduler
                0x0000000008009190       0xfc ./Middlewares/Third_Party/FreeRTOS/Source/portable/GCC/ARM_CM7/r0p1/port.o
                0x0000000008009190                xPortStartScheduler
 .text.vPortEnterCritical
                0x000000000800928c       0x68 ./Middlewares/Third_Party/FreeRTOS/Source/portable/GCC/ARM_CM7/r0p1/port.o
                0x000000000800928c                vPortEnterCritical
 .text.vPortExitCritical
                0x00000000080092f4       0x58 ./Middlewares/Third_Party/FreeRTOS/Source/portable/GCC/ARM_CM7/r0p1/port.o
                0x00000000080092f4                vPortExitCritical
 *fill*         0x000000000800934c        0x4 
 .text.PendSV_Handler
                0x0000000008009350       0x68 ./Middlewares/Third_Party/FreeRTOS/Source/portable/GCC/ARM_CM7/r0p1/port.o
                0x0000000008009350                PendSV_Handler
 .text.SysTick_Handler
                0x00000000080093b8       0x48 ./Middlewares/Third_Party/FreeRTOS/Source/portable/GCC/ARM_CM7/r0p1/port.o
                0x00000000080093b8                SysTick_Handler
 .text.vPortSetupTimerInterrupt
                0x0000000008009400       0x48 ./Middlewares/Third_Party/FreeRTOS/Source/portable/GCC/ARM_CM7/r0p1/port.o
                0x0000000008009400                vPortSetupTimerInterrupt
 .text.vPortEnableVFP
                0x0000000008009448       0x14 ./Middlewares/Third_Party/FreeRTOS/Source/portable/GCC/ARM_CM7/r0p1/port.o
 .text.vPortValidateInterruptPriority
                0x000000000800945c       0x88 ./Middlewares/Third_Party/FreeRTOS/Source/portable/GCC/ARM_CM7/r0p1/port.o
                0x000000000800945c                vPortValidateInterruptPriority
 .text.pvPortMalloc
                0x00000000080094e4      0x194 ./Middlewares/Third_Party/FreeRTOS/Source/portable/MemMang/heap_4.o
                0x00000000080094e4                pvPortMalloc
 .text.vPortFree
                0x0000000008009678       0xbc ./Middlewares/Third_Party/FreeRTOS/Source/portable/MemMang/heap_4.o
                0x0000000008009678                vPortFree
 .text.prvHeapInit
                0x0000000008009734       0xc4 ./Middlewares/Third_Party/FreeRTOS/Source/portable/MemMang/heap_4.o
 .text.prvInsertBlockIntoFreeList
                0x00000000080097f8       0xb4 ./Middlewares/Third_Party/FreeRTOS/Source/portable/MemMang/heap_4.o
 .text.memset   0x00000000080098ac       0x10 /home/nada/.eclipse/com.st.stm32cube.ide.mcu.rcp.product_1.11.2_139060371_linux_gtk_x86_64/plugins/com.st.stm32cube.ide.mcu.externaltools.gnu-tools-for-stm32.11.3.rel1.linux64_1.0.100.202301251239/tools/bin/../lib/gcc/arm-none-eabi/11.3.1/../../../../arm-none-eabi/lib/thumb/v7e-m+fp/hard/libc_nano.a(libc_a-memset.o)
                0x00000000080098ac                memset
 .text._reclaim_reent
                0x00000000080098bc       0xac /home/nada/.eclipse/com.st.stm32cube.ide.mcu.rcp.product_1.11.2_139060371_linux_gtk_x86_64/plugins/com.st.stm32cube.ide.mcu.externaltools.gnu-tools-for-stm32.11.3.rel1.linux64_1.0.100.202301251239/tools/bin/../lib/gcc/arm-none-eabi/11.3.1/../../../../arm-none-eabi/lib/thumb/v7e-m+fp/hard/libc_nano.a(libc_a-reent.o)
                0x00000000080098bc                _reclaim_reent
 .text.__libc_init_array
                0x0000000008009968       0x48 /home/nada/.eclipse/com.st.stm32cube.ide.mcu.rcp.product_1.11.2_139060371_linux_gtk_x86_64/plugins/com.st.stm32cube.ide.mcu.externaltools.gnu-tools-for-stm32.11.3.rel1.linux64_1.0.100.202301251239/tools/bin/../lib/gcc/arm-none-eabi/11.3.1/../../../../arm-none-eabi/lib/thumb/v7e-m+fp/hard/libc_nano.a(libc_a-init.o)
                0x0000000008009968                __libc_init_array
 .text.__retarget_lock_acquire_recursive
                0x00000000080099b0        0x2 /home/nada/.eclipse/com.st.stm32cube.ide.mcu.rcp.product_1.11.2_139060371_linux_gtk_x86_64/plugins/com.st.stm32cube.ide.mcu.externaltools.gnu-tools-for-stm32.11.3.rel1.linux64_1.0.100.202301251239/tools/bin/../lib/gcc/arm-none-eabi/11.3.1/../../../../arm-none-eabi/lib/thumb/v7e-m+fp/hard/libc_nano.a(libc_a-lock.o)
                0x00000000080099b0                __retarget_lock_acquire_recursive
 .text.__retarget_lock_release_recursive
                0x00000000080099b2        0x2 /home/nada/.eclipse/com.st.stm32cube.ide.mcu.rcp.product_1.11.2_139060371_linux_gtk_x86_64/plugins/com.st.stm32cube.ide.mcu.externaltools.gnu-tools-for-stm32.11.3.rel1.linux64_1.0.100.202301251239/tools/bin/../lib/gcc/arm-none-eabi/11.3.1/../../../../arm-none-eabi/lib/thumb/v7e-m+fp/hard/libc_nano.a(libc_a-lock.o)
                0x00000000080099b2                __retarget_lock_release_recursive
 .text.memcpy   0x00000000080099b4       0x1c /home/nada/.eclipse/com.st.stm32cube.ide.mcu.rcp.product_1.11.2_139060371_linux_gtk_x86_64/plugins/com.st.stm32cube.ide.mcu.externaltools.gnu-tools-for-stm32.11.3.rel1.linux64_1.0.100.202301251239/tools/bin/../lib/gcc/arm-none-eabi/11.3.1/../../../../arm-none-eabi/lib/thumb/v7e-m+fp/hard/libc_nano.a(libc_a-memcpy-stub.o)
                0x00000000080099b4                memcpy
 .text._free_r  0x00000000080099d0       0x98 /home/nada/.eclipse/com.st.stm32cube.ide.mcu.rcp.product_1.11.2_139060371_linux_gtk_x86_64/plugins/com.st.stm32cube.ide.mcu.externaltools.gnu-tools-for-stm32.11.3.rel1.linux64_1.0.100.202301251239/tools/bin/../lib/gcc/arm-none-eabi/11.3.1/../../../../arm-none-eabi/lib/thumb/v7e-m+fp/hard/libc_nano.a(libc_a-freer.o)
                0x00000000080099d0                _free_r
 .text.__malloc_lock
                0x0000000008009a68        0xc /home/nada/.eclipse/com.st.stm32cube.ide.mcu.rcp.product_1.11.2_139060371_linux_gtk_x86_64/plugins/com.st.stm32cube.ide.mcu.externaltools.gnu-tools-for-stm32.11.3.rel1.linux64_1.0.100.202301251239/tools/bin/../lib/gcc/arm-none-eabi/11.3.1/../../../../arm-none-eabi/lib/thumb/v7e-m+fp/hard/libc_nano.a(libc_a-mlock.o)
                0x0000000008009a68                __malloc_lock
 .text.__malloc_unlock
                0x0000000008009a74        0xc /home/nada/.eclipse/com.st.stm32cube.ide.mcu.rcp.product_1.11.2_139060371_linux_gtk_x86_64/plugins/com.st.stm32cube.ide.mcu.externaltools.gnu-tools-for-stm32.11.3.rel1.linux64_1.0.100.202301251239/tools/bin/../lib/gcc/arm-none-eabi/11.3.1/../../../../arm-none-eabi/lib/thumb/v7e-m+fp/hard/libc_nano.a(libc_a-mlock.o)
                0x0000000008009a74                __malloc_unlock
 *(.glue_7)
 .glue_7        0x0000000008009a80        0x0 linker stubs
 *(.glue_7t)
 .glue_7t       0x0000000008009a80        0x0 linker stubs
 *(.eh_frame)
 .eh_frame      0x0000000008009a80        0x0 /home/nada/.eclipse/com.st.stm32cube.ide.mcu.rcp.product_1.11.2_139060371_linux_gtk_x86_64/plugins/com.st.stm32cube.ide.mcu.externaltools.gnu-tools-for-stm32.11.3.rel1.linux64_1.0.100.202301251239/tools/bin/../lib/gcc/arm-none-eabi/11.3.1/thumb/v7e-m+fp/hard/crtbegin.o
 *(.init)
 .init          0x0000000008009a80        0x4 /home/nada/.eclipse/com.st.stm32cube.ide.mcu.rcp.product_1.11.2_139060371_linux_gtk_x86_64/plugins/com.st.stm32cube.ide.mcu.externaltools.gnu-tools-for-stm32.11.3.rel1.linux64_1.0.100.202301251239/tools/bin/../lib/gcc/arm-none-eabi/11.3.1/thumb/v7e-m+fp/hard/crti.o
                0x0000000008009a80                _init
 .init          0x0000000008009a84        0x8 /home/nada/.eclipse/com.st.stm32cube.ide.mcu.rcp.product_1.11.2_139060371_linux_gtk_x86_64/plugins/com.st.stm32cube.ide.mcu.externaltools.gnu-tools-for-stm32.11.3.rel1.linux64_1.0.100.202301251239/tools/bin/../lib/gcc/arm-none-eabi/11.3.1/thumb/v7e-m+fp/hard/crtn.o
 *(.fini)
 .fini          0x0000000008009a8c        0x4 /home/nada/.eclipse/com.st.stm32cube.ide.mcu.rcp.product_1.11.2_139060371_linux_gtk_x86_64/plugins/com.st.stm32cube.ide.mcu.externaltools.gnu-tools-for-stm32.11.3.rel1.linux64_1.0.100.202301251239/tools/bin/../lib/gcc/arm-none-eabi/11.3.1/thumb/v7e-m+fp/hard/crti.o
                0x0000000008009a8c                _fini
 .fini          0x0000000008009a90        0x8 /home/nada/.eclipse/com.st.stm32cube.ide.mcu.rcp.product_1.11.2_139060371_linux_gtk_x86_64/plugins/com.st.stm32cube.ide.mcu.externaltools.gnu-tools-for-stm32.11.3.rel1.linux64_1.0.100.202301251239/tools/bin/../lib/gcc/arm-none-eabi/11.3.1/thumb/v7e-m+fp/hard/crtn.o
                0x0000000008009a98                . = ALIGN (0x4)
                0x0000000008009a98                _etext = .

.vfp11_veneer   0x0000000008009a98        0x0
 .vfp11_veneer  0x0000000008009a98        0x0 linker stubs

.v4_bx          0x0000000008009a98        0x0
 .v4_bx         0x0000000008009a98        0x0 linker stubs

.iplt           0x0000000008009a98        0x0
 .iplt          0x0000000008009a98        0x0 /home/nada/.eclipse/com.st.stm32cube.ide.mcu.rcp.product_1.11.2_139060371_linux_gtk_x86_64/plugins/com.st.stm32cube.ide.mcu.externaltools.gnu-tools-for-stm32.11.3.rel1.linux64_1.0.100.202301251239/tools/bin/../lib/gcc/arm-none-eabi/11.3.1/thumb/v7e-m+fp/hard/crtbegin.o

.rodata         0x0000000008009a98       0xe8
                0x0000000008009a98                . = ALIGN (0x4)
 *(.rodata)
 .rodata        0x0000000008009a98       0x24 ./Core/Src/main.o
 .rodata        0x0000000008009abc        0x5 ./Middlewares/Third_Party/FreeRTOS/Source/tasks.o
 *fill*         0x0000000008009ac1        0x3 
 .rodata        0x0000000008009ac4        0xd ./Middlewares/Third_Party/FreeRTOS/Source/timers.o
 *(.rodata*)
 *fill*         0x0000000008009ad1        0x3 
 .rodata.Enable_attributes
                0x0000000008009ad4       0x24 ./Core/Src/main.o
                0x0000000008009ad4                Enable_attributes
 .rodata.Init_attributes
                0x0000000008009af8       0x24 ./Core/Src/main.o
                0x0000000008009af8                Init_attributes
 .rodata.Update_attributes
                0x0000000008009b1c       0x24 ./Core/Src/main.o
                0x0000000008009b1c                Update_attributes
 .rodata.myBinarySem_attributes
                0x0000000008009b40       0x10 ./Core/Src/main.o
                0x0000000008009b40                myBinarySem_attributes
 .rodata.arrayConfig
                0x0000000008009b50        0x4 ./Core/Src/main.o
 .rodata.arrayInitialize
                0x0000000008009b54        0xc ./Core/Src/main.o
 .rodata.AHBPrescTable
                0x0000000008009b60       0x10 ./Core/Src/system_stm32f7xx.o
                0x0000000008009b60                AHBPrescTable
 .rodata.APBPrescTable
                0x0000000008009b70        0x8 ./Core/Src/system_stm32f7xx.o
                0x0000000008009b70                APBPrescTable
 .rodata.flagBitshiftOffset.0
                0x0000000008009b78        0x8 ./Drivers/STM32F7xx_HAL_Driver/Src/stm32f7xx_hal_dma.o
                0x0000000008009b80                . = ALIGN (0x4)

.ARM.extab      0x0000000008009b80        0x0
                0x0000000008009b80                . = ALIGN (0x4)
 *(.ARM.extab* .gnu.linkonce.armextab.*)
                0x0000000008009b80                . = ALIGN (0x4)

.ARM            0x0000000008009b80        0x8
                0x0000000008009b80                . = ALIGN (0x4)
                0x0000000008009b80                __exidx_start = .
 *(.ARM.exidx*)
 .ARM.exidx     0x0000000008009b80        0x8 /home/nada/.eclipse/com.st.stm32cube.ide.mcu.rcp.product_1.11.2_139060371_linux_gtk_x86_64/plugins/com.st.stm32cube.ide.mcu.externaltools.gnu-tools-for-stm32.11.3.rel1.linux64_1.0.100.202301251239/tools/bin/../lib/gcc/arm-none-eabi/11.3.1/thumb/v7e-m+fp/hard/libgcc.a(_udivmoddi4.o)
                0x0000000008009b88                __exidx_end = .
                0x0000000008009b88                . = ALIGN (0x4)

.rel.dyn        0x0000000008009b88        0x0
 .rel.iplt      0x0000000008009b88        0x0 /home/nada/.eclipse/com.st.stm32cube.ide.mcu.rcp.product_1.11.2_139060371_linux_gtk_x86_64/plugins/com.st.stm32cube.ide.mcu.externaltools.gnu-tools-for-stm32.11.3.rel1.linux64_1.0.100.202301251239/tools/bin/../lib/gcc/arm-none-eabi/11.3.1/thumb/v7e-m+fp/hard/crtbegin.o

.preinit_array  0x0000000008009b88        0x0
                0x0000000008009b88                . = ALIGN (0x4)
                0x0000000008009b88                PROVIDE (__preinit_array_start = .)
 *(.preinit_array*)
                0x0000000008009b88                PROVIDE (__preinit_array_end = .)
                0x0000000008009b88                . = ALIGN (0x4)

.init_array     0x0000000008009b88        0x4
                0x0000000008009b88                . = ALIGN (0x4)
                0x0000000008009b88                PROVIDE (__init_array_start = .)
 *(SORT_BY_NAME(.init_array.*))
 *(.init_array*)
 .init_array    0x0000000008009b88        0x4 /home/nada/.eclipse/com.st.stm32cube.ide.mcu.rcp.product_1.11.2_139060371_linux_gtk_x86_64/plugins/com.st.stm32cube.ide.mcu.externaltools.gnu-tools-for-stm32.11.3.rel1.linux64_1.0.100.202301251239/tools/bin/../lib/gcc/arm-none-eabi/11.3.1/thumb/v7e-m+fp/hard/crtbegin.o
                0x0000000008009b8c                PROVIDE (__init_array_end = .)
                0x0000000008009b8c                . = ALIGN (0x4)

.fini_array     0x0000000008009b8c        0x4
                0x0000000008009b8c                . = ALIGN (0x4)
                [!provide]                        PROVIDE (__fini_array_start = .)
 *(SORT_BY_NAME(.fini_array.*))
 *(.fini_array*)
 .fini_array    0x0000000008009b8c        0x4 /home/nada/.eclipse/com.st.stm32cube.ide.mcu.rcp.product_1.11.2_139060371_linux_gtk_x86_64/plugins/com.st.stm32cube.ide.mcu.externaltools.gnu-tools-for-stm32.11.3.rel1.linux64_1.0.100.202301251239/tools/bin/../lib/gcc/arm-none-eabi/11.3.1/thumb/v7e-m+fp/hard/crtbegin.o
                [!provide]                        PROVIDE (__fini_array_end = .)
                0x0000000008009b90                . = ALIGN (0x4)
                0x0000000008009b90                _sidata = LOADADDR (.data)

.data           0x0000000020000000       0x70 load address 0x0000000008009b90
                0x0000000020000000                . = ALIGN (0x4)
                0x0000000020000000                _sdata = .
 *(.data)
 *(.data*)
 .data.ConfigRISA
                0x0000000020000000        0x6 ./Core/Src/main.o
 *fill*         0x0000000020000006        0x2 
 .data.ConfigRISB
                0x0000000020000008        0x6 ./Core/Src/main.o
 *fill*         0x000000002000000e        0x2 
 .data.SystemCoreClock
                0x0000000020000010        0x4 ./Core/Src/system_stm32f7xx.o
                0x0000000020000010                SystemCoreClock
 .data.uwTickPrio
                0x0000000020000014        0x4 ./Drivers/STM32F7xx_HAL_Driver/Src/stm32f7xx_hal.o
                0x0000000020000014                uwTickPrio
 .data.uwTickFreq
                0x0000000020000018        0x1 ./Drivers/STM32F7xx_HAL_Driver/Src/stm32f7xx_hal.o
                0x0000000020000018                uwTickFreq
 *fill*         0x0000000020000019        0x3 
 .data.uxCriticalNesting
                0x000000002000001c        0x4 ./Middlewares/Third_Party/FreeRTOS/Source/portable/GCC/ARM_CM7/r0p1/port.o
 .data._impure_data
                0x0000000020000020       0x4c /home/nada/.eclipse/com.st.stm32cube.ide.mcu.rcp.product_1.11.2_139060371_linux_gtk_x86_64/plugins/com.st.stm32cube.ide.mcu.externaltools.gnu-tools-for-stm32.11.3.rel1.linux64_1.0.100.202301251239/tools/bin/../lib/gcc/arm-none-eabi/11.3.1/../../../../arm-none-eabi/lib/thumb/v7e-m+fp/hard/libc_nano.a(libc_a-impure.o)
                0x0000000020000020                _impure_data
 .data._impure_ptr
                0x000000002000006c        0x4 /home/nada/.eclipse/com.st.stm32cube.ide.mcu.rcp.product_1.11.2_139060371_linux_gtk_x86_64/plugins/com.st.stm32cube.ide.mcu.externaltools.gnu-tools-for-stm32.11.3.rel1.linux64_1.0.100.202301251239/tools/bin/../lib/gcc/arm-none-eabi/11.3.1/../../../../arm-none-eabi/lib/thumb/v7e-m+fp/hard/libc_nano.a(libc_a-impure.o)
                0x000000002000006c                _impure_ptr
 *(.RamFunc)
 *(.RamFunc*)
                0x0000000020000070                . = ALIGN (0x4)
                0x0000000020000070                _edata = .

.igot.plt       0x0000000020000070        0x0 load address 0x0000000008009c00
 .igot.plt      0x0000000020000070        0x0 /home/nada/.eclipse/com.st.stm32cube.ide.mcu.rcp.product_1.11.2_139060371_linux_gtk_x86_64/plugins/com.st.stm32cube.ide.mcu.externaltools.gnu-tools-for-stm32.11.3.rel1.linux64_1.0.100.202301251239/tools/bin/../lib/gcc/arm-none-eabi/11.3.1/thumb/v7e-m+fp/hard/crtbegin.o

.RxDecripSection
                0x0000000020000070       0xa0 load address 0x0000000008009c00
 .RxDecripSection
                0x0000000020000070       0xa0 ./Core/Src/main.o
                0x0000000020000070                DMARxDscrTab

.TxDecripSection
                0x0000000020000110       0xa0 load address 0x0000000008009ca0
 .TxDecripSection
                0x0000000020000110       0xa0 ./Core/Src/main.o
                0x0000000020000110                DMATxDscrTab
                0x00000000200001b0                . = ALIGN (0x4)

.bss            0x00000000200001b0     0x53a4 load address 0x0000000008009d40
                0x00000000200001b0                _sbss = .
                0x00000000200001b0                __bss_start__ = _sbss
 *(.bss)
 .bss           0x00000000200001b0       0x1c /home/nada/.eclipse/com.st.stm32cube.ide.mcu.rcp.product_1.11.2_139060371_linux_gtk_x86_64/plugins/com.st.stm32cube.ide.mcu.externaltools.gnu-tools-for-stm32.11.3.rel1.linux64_1.0.100.202301251239/tools/bin/../lib/gcc/arm-none-eabi/11.3.1/thumb/v7e-m+fp/hard/crtbegin.o
 *(.bss*)
 .bss.TxConfig  0x00000000200001cc       0x38 ./Core/Src/main.o
                0x00000000200001cc                TxConfig
 .bss.heth      0x0000000020000204       0xb0 ./Core/Src/main.o
                0x0000000020000204                heth
 .bss.hspi1     0x00000000200002b4       0x64 ./Core/Src/main.o
                0x00000000200002b4                hspi1
 .bss.hspi2     0x0000000020000318       0x64 ./Core/Src/main.o
                0x0000000020000318                hspi2
 .bss.huart3    0x000000002000037c       0x88 ./Core/Src/main.o
                0x000000002000037c                huart3
 .bss.hdma_usart3_rx
                0x0000000020000404       0x60 ./Core/Src/main.o
                0x0000000020000404                hdma_usart3_rx
 .bss.hdma_usart3_tx
                0x0000000020000464       0x60 ./Core/Src/main.o
                0x0000000020000464                hdma_usart3_tx
 .bss.hpcd_USB_OTG_FS
                0x00000000200004c4      0x508 ./Core/Src/main.o
                0x00000000200004c4                hpcd_USB_OTG_FS
 .bss.EnableHandle
                0x00000000200009cc        0x4 ./Core/Src/main.o
                0x00000000200009cc                EnableHandle
 .bss.InitHandle
                0x00000000200009d0        0x4 ./Core/Src/main.o
                0x00000000200009d0                InitHandle
 .bss.UpdateHandle
                0x00000000200009d4        0x4 ./Core/Src/main.o
                0x00000000200009d4                UpdateHandle
 .bss.myBinarySemHandle
                0x00000000200009d8        0x4 ./Core/Src/main.o
                0x00000000200009d8                myBinarySemHandle
 .bss.MACAddr.0
                0x00000000200009dc        0x6 ./Core/Src/main.o
 *fill*         0x00000000200009e2        0x2 
 .bss.htim6     0x00000000200009e4       0x4c ./Core/Src/stm32f7xx_hal_timebase_tim.o
                0x00000000200009e4                htim6
 .bss.uwTick    0x0000000020000a30        0x4 ./Drivers/STM32F7xx_HAL_Driver/Src/stm32f7xx_hal.o
                0x0000000020000a30                uwTick
 .bss.KernelState
                0x0000000020000a34        0x4 ./Middlewares/Third_Party/FreeRTOS/Source/CMSIS_RTOS_V2/cmsis_os2.o
 .bss.Idle_TCB  0x0000000020000a38       0xa8 ./Middlewares/Third_Party/FreeRTOS/Source/CMSIS_RTOS_V2/cmsis_os2.o
 .bss.Idle_Stack
                0x0000000020000ae0      0x200 ./Middlewares/Third_Party/FreeRTOS/Source/CMSIS_RTOS_V2/cmsis_os2.o
 .bss.Timer_TCB
                0x0000000020000ce0       0xa8 ./Middlewares/Third_Party/FreeRTOS/Source/CMSIS_RTOS_V2/cmsis_os2.o
 .bss.Timer_Stack
                0x0000000020000d88      0x400 ./Middlewares/Third_Party/FreeRTOS/Source/CMSIS_RTOS_V2/cmsis_os2.o
 .bss.xQueueRegistry
                0x0000000020001188       0x40 ./Middlewares/Third_Party/FreeRTOS/Source/queue.o
                0x0000000020001188                xQueueRegistry
 .bss.pxCurrentTCB
                0x00000000200011c8        0x4 ./Middlewares/Third_Party/FreeRTOS/Source/tasks.o
                0x00000000200011c8                pxCurrentTCB
 .bss.pxReadyTasksLists
                0x00000000200011cc      0x460 ./Middlewares/Third_Party/FreeRTOS/Source/tasks.o
 .bss.xDelayedTaskList1
                0x000000002000162c       0x14 ./Middlewares/Third_Party/FreeRTOS/Source/tasks.o
 .bss.xDelayedTaskList2
                0x0000000020001640       0x14 ./Middlewares/Third_Party/FreeRTOS/Source/tasks.o
 .bss.pxDelayedTaskList
                0x0000000020001654        0x4 ./Middlewares/Third_Party/FreeRTOS/Source/tasks.o
 .bss.pxOverflowDelayedTaskList
                0x0000000020001658        0x4 ./Middlewares/Third_Party/FreeRTOS/Source/tasks.o
 .bss.xPendingReadyList
                0x000000002000165c       0x14 ./Middlewares/Third_Party/FreeRTOS/Source/tasks.o
 .bss.xTasksWaitingTermination
                0x0000000020001670       0x14 ./Middlewares/Third_Party/FreeRTOS/Source/tasks.o
 .bss.uxDeletedTasksWaitingCleanUp
                0x0000000020001684        0x4 ./Middlewares/Third_Party/FreeRTOS/Source/tasks.o
 .bss.xSuspendedTaskList
                0x0000000020001688       0x14 ./Middlewares/Third_Party/FreeRTOS/Source/tasks.o
 .bss.uxCurrentNumberOfTasks
                0x000000002000169c        0x4 ./Middlewares/Third_Party/FreeRTOS/Source/tasks.o
 .bss.xTickCount
                0x00000000200016a0        0x4 ./Middlewares/Third_Party/FreeRTOS/Source/tasks.o
 .bss.uxTopReadyPriority
                0x00000000200016a4        0x4 ./Middlewares/Third_Party/FreeRTOS/Source/tasks.o
 .bss.xSchedulerRunning
                0x00000000200016a8        0x4 ./Middlewares/Third_Party/FreeRTOS/Source/tasks.o
 .bss.uxPendedTicks
                0x00000000200016ac        0x4 ./Middlewares/Third_Party/FreeRTOS/Source/tasks.o
 .bss.xYieldPending
                0x00000000200016b0        0x4 ./Middlewares/Third_Party/FreeRTOS/Source/tasks.o
 .bss.xNumOfOverflows
                0x00000000200016b4        0x4 ./Middlewares/Third_Party/FreeRTOS/Source/tasks.o
 .bss.uxTaskNumber
                0x00000000200016b8        0x4 ./Middlewares/Third_Party/FreeRTOS/Source/tasks.o
 .bss.xNextTaskUnblockTime
                0x00000000200016bc        0x4 ./Middlewares/Third_Party/FreeRTOS/Source/tasks.o
 .bss.xIdleTaskHandle
                0x00000000200016c0        0x4 ./Middlewares/Third_Party/FreeRTOS/Source/tasks.o
 .bss.uxSchedulerSuspended
                0x00000000200016c4        0x4 ./Middlewares/Third_Party/FreeRTOS/Source/tasks.o
 .bss.xActiveTimerList1
                0x00000000200016c8       0x14 ./Middlewares/Third_Party/FreeRTOS/Source/timers.o
 .bss.xActiveTimerList2
                0x00000000200016dc       0x14 ./Middlewares/Third_Party/FreeRTOS/Source/timers.o
 .bss.pxCurrentTimerList
                0x00000000200016f0        0x4 ./Middlewares/Third_Party/FreeRTOS/Source/timers.o
 .bss.pxOverflowTimerList
                0x00000000200016f4        0x4 ./Middlewares/Third_Party/FreeRTOS/Source/timers.o
 .bss.xTimerQueue
                0x00000000200016f8        0x4 ./Middlewares/Third_Party/FreeRTOS/Source/timers.o
 .bss.xTimerTaskHandle
                0x00000000200016fc        0x4 ./Middlewares/Third_Party/FreeRTOS/Source/timers.o
 .bss.xLastTime.2
                0x0000000020001700        0x4 ./Middlewares/Third_Party/FreeRTOS/Source/timers.o
 .bss.ucStaticTimerQueueStorage.1
                0x0000000020001704       0xa0 ./Middlewares/Third_Party/FreeRTOS/Source/timers.o
 .bss.xStaticTimerQueue.0
                0x00000000200017a4       0x50 ./Middlewares/Third_Party/FreeRTOS/Source/timers.o
 .bss.ucMaxSysCallPriority
                0x00000000200017f4        0x1 ./Middlewares/Third_Party/FreeRTOS/Source/portable/GCC/ARM_CM7/r0p1/port.o
 *fill*         0x00000000200017f5        0x3 
 .bss.ulMaxPRIGROUPValue
                0x00000000200017f8        0x4 ./Middlewares/Third_Party/FreeRTOS/Source/portable/GCC/ARM_CM7/r0p1/port.o
 .bss.ucHeap    0x00000000200017fc     0x3c00 ./Middlewares/Third_Party/FreeRTOS/Source/portable/MemMang/heap_4.o
 .bss.xStart    0x00000000200053fc        0x8 ./Middlewares/Third_Party/FreeRTOS/Source/portable/MemMang/heap_4.o
 .bss.pxEnd     0x0000000020005404        0x4 ./Middlewares/Third_Party/FreeRTOS/Source/portable/MemMang/heap_4.o
 .bss.xFreeBytesRemaining
                0x0000000020005408        0x4 ./Middlewares/Third_Party/FreeRTOS/Source/portable/MemMang/heap_4.o
 .bss.xMinimumEverFreeBytesRemaining
                0x000000002000540c        0x4 ./Middlewares/Third_Party/FreeRTOS/Source/portable/MemMang/heap_4.o
 .bss.xBlockAllocatedBit
                0x0000000020005410        0x4 ./Middlewares/Third_Party/FreeRTOS/Source/portable/MemMang/heap_4.o
 .bss.__sf      0x0000000020005414      0x138 /home/nada/.eclipse/com.st.stm32cube.ide.mcu.rcp.product_1.11.2_139060371_linux_gtk_x86_64/plugins/com.st.stm32cube.ide.mcu.externaltools.gnu-tools-for-stm32.11.3.rel1.linux64_1.0.100.202301251239/tools/bin/../lib/gcc/arm-none-eabi/11.3.1/../../../../arm-none-eabi/lib/thumb/v7e-m+fp/hard/libc_nano.a(libc_a-findfp.o)
                0x0000000020005414                __sf
 .bss.__lock___malloc_recursive_mutex
                0x000000002000554c        0x1 /home/nada/.eclipse/com.st.stm32cube.ide.mcu.rcp.product_1.11.2_139060371_linux_gtk_x86_64/plugins/com.st.stm32cube.ide.mcu.externaltools.gnu-tools-for-stm32.11.3.rel1.linux64_1.0.100.202301251239/tools/bin/../lib/gcc/arm-none-eabi/11.3.1/../../../../arm-none-eabi/lib/thumb/v7e-m+fp/hard/libc_nano.a(libc_a-lock.o)
                0x000000002000554c                __lock___malloc_recursive_mutex
 *fill*         0x000000002000554d        0x3 
 .bss.__malloc_free_list
                0x0000000020005550        0x4 /home/nada/.eclipse/com.st.stm32cube.ide.mcu.rcp.product_1.11.2_139060371_linux_gtk_x86_64/plugins/com.st.stm32cube.ide.mcu.externaltools.gnu-tools-for-stm32.11.3.rel1.linux64_1.0.100.202301251239/tools/bin/../lib/gcc/arm-none-eabi/11.3.1/../../../../arm-none-eabi/lib/thumb/v7e-m+fp/hard/libc_nano.a(libc_a-mallocr.o)
                0x0000000020005550                __malloc_free_list
 *(COMMON)
                0x0000000020005554                . = ALIGN (0x4)
                0x0000000020005554                _ebss = .
                0x0000000020005554                __bss_end__ = _ebss

._user_heap_stack
                0x0000000020005554      0x604 load address 0x0000000008009d40
                0x0000000020005558                . = ALIGN (0x8)
 *fill*         0x0000000020005554        0x4 
                [!provide]                        PROVIDE (end = .)
                0x0000000020005558                PROVIDE (_end = .)
                0x0000000020005758                . = (. + _Min_Heap_Size)
 *fill*         0x0000000020005558      0x200 
                0x0000000020005b58                . = (. + _Min_Stack_Size)
 *fill*         0x0000000020005758      0x400 
                0x0000000020005b58                . = ALIGN (0x8)

/DISCARD/
 libc.a(*)
 libm.a(*)
 libgcc.a(*)

.ARM.attributes
                0x0000000000000000       0x30
 *(.ARM.attributes)
 .ARM.attributes
                0x0000000000000000       0x1e /home/nada/.eclipse/com.st.stm32cube.ide.mcu.rcp.product_1.11.2_139060371_linux_gtk_x86_64/plugins/com.st.stm32cube.ide.mcu.externaltools.gnu-tools-for-stm32.11.3.rel1.linux64_1.0.100.202301251239/tools/bin/../lib/gcc/arm-none-eabi/11.3.1/thumb/v7e-m+fp/hard/crti.o
 .ARM.attributes
                0x000000000000001e       0x34 /home/nada/.eclipse/com.st.stm32cube.ide.mcu.rcp.product_1.11.2_139060371_linux_gtk_x86_64/plugins/com.st.stm32cube.ide.mcu.externaltools.gnu-tools-for-stm32.11.3.rel1.linux64_1.0.100.202301251239/tools/bin/../lib/gcc/arm-none-eabi/11.3.1/thumb/v7e-m+fp/hard/crtbegin.o
 .ARM.attributes
                0x0000000000000052       0x34 ./Core/Src/main.o
 .ARM.attributes
                0x0000000000000086       0x34 ./Core/Src/stm32f7xx_hal_msp.o
 .ARM.attributes
                0x00000000000000ba       0x34 ./Core/Src/stm32f7xx_hal_timebase_tim.o
 .ARM.attributes
                0x00000000000000ee       0x34 ./Core/Src/stm32f7xx_it.o
 .ARM.attributes
                0x0000000000000122       0x34 ./Core/Src/system_stm32f7xx.o
 .ARM.attributes
                0x0000000000000156       0x21 ./Core/Startup/startup_stm32f746zgtx.o
 .ARM.attributes
                0x0000000000000177       0x34 ./Drivers/STM32F7xx_HAL_Driver/Src/stm32f7xx_hal.o
 .ARM.attributes
                0x00000000000001ab       0x34 ./Drivers/STM32F7xx_HAL_Driver/Src/stm32f7xx_hal_cortex.o
 .ARM.attributes
                0x00000000000001df       0x34 ./Drivers/STM32F7xx_HAL_Driver/Src/stm32f7xx_hal_dma.o
 .ARM.attributes
                0x0000000000000213       0x34 ./Drivers/STM32F7xx_HAL_Driver/Src/stm32f7xx_hal_eth.o
 .ARM.attributes
                0x0000000000000247       0x34 ./Drivers/STM32F7xx_HAL_Driver/Src/stm32f7xx_hal_gpio.o
 .ARM.attributes
                0x000000000000027b       0x34 ./Drivers/STM32F7xx_HAL_Driver/Src/stm32f7xx_hal_pcd.o
 .ARM.attributes
                0x00000000000002af       0x34 ./Drivers/STM32F7xx_HAL_Driver/Src/stm32f7xx_hal_pcd_ex.o
 .ARM.attributes
                0x00000000000002e3       0x34 ./Drivers/STM32F7xx_HAL_Driver/Src/stm32f7xx_hal_pwr.o
 .ARM.attributes
                0x0000000000000317       0x34 ./Drivers/STM32F7xx_HAL_Driver/Src/stm32f7xx_hal_rcc.o
 .ARM.attributes
                0x000000000000034b       0x34 ./Drivers/STM32F7xx_HAL_Driver/Src/stm32f7xx_hal_rcc_ex.o
 .ARM.attributes
                0x000000000000037f       0x34 ./Drivers/STM32F7xx_HAL_Driver/Src/stm32f7xx_hal_spi.o
 .ARM.attributes
                0x00000000000003b3       0x34 ./Drivers/STM32F7xx_HAL_Driver/Src/stm32f7xx_hal_tim.o
 .ARM.attributes
                0x00000000000003e7       0x34 ./Drivers/STM32F7xx_HAL_Driver/Src/stm32f7xx_hal_tim_ex.o
 .ARM.attributes
                0x000000000000041b       0x34 ./Drivers/STM32F7xx_HAL_Driver/Src/stm32f7xx_hal_uart.o
 .ARM.attributes
                0x000000000000044f       0x34 ./Drivers/STM32F7xx_HAL_Driver/Src/stm32f7xx_ll_usb.o
 .ARM.attributes
                0x0000000000000483       0x34 ./Middlewares/Third_Party/FreeRTOS/Source/CMSIS_RTOS_V2/cmsis_os2.o
 .ARM.attributes
                0x00000000000004b7       0x34 ./Middlewares/Third_Party/FreeRTOS/Source/list.o
 .ARM.attributes
                0x00000000000004eb       0x34 ./Middlewares/Third_Party/FreeRTOS/Source/queue.o
 .ARM.attributes
                0x000000000000051f       0x34 ./Middlewares/Third_Party/FreeRTOS/Source/tasks.o
 .ARM.attributes
                0x0000000000000553       0x34 ./Middlewares/Third_Party/FreeRTOS/Source/timers.o
 .ARM.attributes
                0x0000000000000587       0x34 ./Middlewares/Third_Party/FreeRTOS/Source/portable/GCC/ARM_CM7/r0p1/port.o
 .ARM.attributes
                0x00000000000005bb       0x34 ./Middlewares/Third_Party/FreeRTOS/Source/portable/MemMang/heap_4.o
 .ARM.attributes
                0x00000000000005ef       0x34 /home/nada/.eclipse/com.st.stm32cube.ide.mcu.rcp.product_1.11.2_139060371_linux_gtk_x86_64/plugins/com.st.stm32cube.ide.mcu.externaltools.gnu-tools-for-stm32.11.3.rel1.linux64_1.0.100.202301251239/tools/bin/../lib/gcc/arm-none-eabi/11.3.1/../../../../arm-none-eabi/lib/thumb/v7e-m+fp/hard/libc_nano.a(libc_a-findfp.o)
 .ARM.attributes
                0x0000000000000623       0x34 /home/nada/.eclipse/com.st.stm32cube.ide.mcu.rcp.product_1.11.2_139060371_linux_gtk_x86_64/plugins/com.st.stm32cube.ide.mcu.externaltools.gnu-tools-for-stm32.11.3.rel1.linux64_1.0.100.202301251239/tools/bin/../lib/gcc/arm-none-eabi/11.3.1/../../../../arm-none-eabi/lib/thumb/v7e-m+fp/hard/libc_nano.a(libc_a-memset.o)
 .ARM.attributes
                0x0000000000000657       0x34 /home/nada/.eclipse/com.st.stm32cube.ide.mcu.rcp.product_1.11.2_139060371_linux_gtk_x86_64/plugins/com.st.stm32cube.ide.mcu.externaltools.gnu-tools-for-stm32.11.3.rel1.linux64_1.0.100.202301251239/tools/bin/../lib/gcc/arm-none-eabi/11.3.1/../../../../arm-none-eabi/lib/thumb/v7e-m+fp/hard/libc_nano.a(libc_a-reent.o)
 .ARM.attributes
                0x000000000000068b       0x34 /home/nada/.eclipse/com.st.stm32cube.ide.mcu.rcp.product_1.11.2_139060371_linux_gtk_x86_64/plugins/com.st.stm32cube.ide.mcu.externaltools.gnu-tools-for-stm32.11.3.rel1.linux64_1.0.100.202301251239/tools/bin/../lib/gcc/arm-none-eabi/11.3.1/../../../../arm-none-eabi/lib/thumb/v7e-m+fp/hard/libc_nano.a(libc_a-impure.o)
 .ARM.attributes
                0x00000000000006bf       0x34 /home/nada/.eclipse/com.st.stm32cube.ide.mcu.rcp.product_1.11.2_139060371_linux_gtk_x86_64/plugins/com.st.stm32cube.ide.mcu.externaltools.gnu-tools-for-stm32.11.3.rel1.linux64_1.0.100.202301251239/tools/bin/../lib/gcc/arm-none-eabi/11.3.1/../../../../arm-none-eabi/lib/thumb/v7e-m+fp/hard/libc_nano.a(libc_a-init.o)
 .ARM.attributes
                0x00000000000006f3       0x34 /home/nada/.eclipse/com.st.stm32cube.ide.mcu.rcp.product_1.11.2_139060371_linux_gtk_x86_64/plugins/com.st.stm32cube.ide.mcu.externaltools.gnu-tools-for-stm32.11.3.rel1.linux64_1.0.100.202301251239/tools/bin/../lib/gcc/arm-none-eabi/11.3.1/../../../../arm-none-eabi/lib/thumb/v7e-m+fp/hard/libc_nano.a(libc_a-lock.o)
 .ARM.attributes
                0x0000000000000727       0x34 /home/nada/.eclipse/com.st.stm32cube.ide.mcu.rcp.product_1.11.2_139060371_linux_gtk_x86_64/plugins/com.st.stm32cube.ide.mcu.externaltools.gnu-tools-for-stm32.11.3.rel1.linux64_1.0.100.202301251239/tools/bin/../lib/gcc/arm-none-eabi/11.3.1/../../../../arm-none-eabi/lib/thumb/v7e-m+fp/hard/libc_nano.a(libc_a-memcpy-stub.o)
 .ARM.attributes
                0x000000000000075b       0x34 /home/nada/.eclipse/com.st.stm32cube.ide.mcu.rcp.product_1.11.2_139060371_linux_gtk_x86_64/plugins/com.st.stm32cube.ide.mcu.externaltools.gnu-tools-for-stm32.11.3.rel1.linux64_1.0.100.202301251239/tools/bin/../lib/gcc/arm-none-eabi/11.3.1/../../../../arm-none-eabi/lib/thumb/v7e-m+fp/hard/libc_nano.a(libc_a-freer.o)
 .ARM.attributes
                0x000000000000078f       0x34 /home/nada/.eclipse/com.st.stm32cube.ide.mcu.rcp.product_1.11.2_139060371_linux_gtk_x86_64/plugins/com.st.stm32cube.ide.mcu.externaltools.gnu-tools-for-stm32.11.3.rel1.linux64_1.0.100.202301251239/tools/bin/../lib/gcc/arm-none-eabi/11.3.1/../../../../arm-none-eabi/lib/thumb/v7e-m+fp/hard/libc_nano.a(libc_a-mallocr.o)
 .ARM.attributes
                0x00000000000007c3       0x34 /home/nada/.eclipse/com.st.stm32cube.ide.mcu.rcp.product_1.11.2_139060371_linux_gtk_x86_64/plugins/com.st.stm32cube.ide.mcu.externaltools.gnu-tools-for-stm32.11.3.rel1.linux64_1.0.100.202301251239/tools/bin/../lib/gcc/arm-none-eabi/11.3.1/../../../../arm-none-eabi/lib/thumb/v7e-m+fp/hard/libc_nano.a(libc_a-mlock.o)
 .ARM.attributes
                0x00000000000007f7       0x1e /home/nada/.eclipse/com.st.stm32cube.ide.mcu.rcp.product_1.11.2_139060371_linux_gtk_x86_64/plugins/com.st.stm32cube.ide.mcu.externaltools.gnu-tools-for-stm32.11.3.rel1.linux64_1.0.100.202301251239/tools/bin/../lib/gcc/arm-none-eabi/11.3.1/thumb/v7e-m+fp/hard/libgcc.a(_aeabi_uldivmod.o)
 .ARM.attributes
                0x0000000000000815       0x34 /home/nada/.eclipse/com.st.stm32cube.ide.mcu.rcp.product_1.11.2_139060371_linux_gtk_x86_64/plugins/com.st.stm32cube.ide.mcu.externaltools.gnu-tools-for-stm32.11.3.rel1.linux64_1.0.100.202301251239/tools/bin/../lib/gcc/arm-none-eabi/11.3.1/thumb/v7e-m+fp/hard/libgcc.a(_udivmoddi4.o)
 .ARM.attributes
                0x0000000000000849       0x1e /home/nada/.eclipse/com.st.stm32cube.ide.mcu.rcp.product_1.11.2_139060371_linux_gtk_x86_64/plugins/com.st.stm32cube.ide.mcu.externaltools.gnu-tools-for-stm32.11.3.rel1.linux64_1.0.100.202301251239/tools/bin/../lib/gcc/arm-none-eabi/11.3.1/thumb/v7e-m+fp/hard/libgcc.a(_dvmd_tls.o)
 .ARM.attributes
                0x0000000000000867       0x1e /home/nada/.eclipse/com.st.stm32cube.ide.mcu.rcp.product_1.11.2_139060371_linux_gtk_x86_64/plugins/com.st.stm32cube.ide.mcu.externaltools.gnu-tools-for-stm32.11.3.rel1.linux64_1.0.100.202301251239/tools/bin/../lib/gcc/arm-none-eabi/11.3.1/thumb/v7e-m+fp/hard/crtn.o
OUTPUT(3tasks.elf elf32-littlearm)
LOAD linker stubs
LOAD /home/nada/.eclipse/com.st.stm32cube.ide.mcu.rcp.product_1.11.2_139060371_linux_gtk_x86_64/plugins/com.st.stm32cube.ide.mcu.externaltools.gnu-tools-for-stm32.11.3.rel1.linux64_1.0.100.202301251239/tools/bin/../lib/gcc/arm-none-eabi/11.3.1/../../../../arm-none-eabi/lib/thumb/v7e-m+fp/hard/libc.a
LOAD /home/nada/.eclipse/com.st.stm32cube.ide.mcu.rcp.product_1.11.2_139060371_linux_gtk_x86_64/plugins/com.st.stm32cube.ide.mcu.externaltools.gnu-tools-for-stm32.11.3.rel1.linux64_1.0.100.202301251239/tools/bin/../lib/gcc/arm-none-eabi/11.3.1/../../../../arm-none-eabi/lib/thumb/v7e-m+fp/hard/libm.a
LOAD /home/nada/.eclipse/com.st.stm32cube.ide.mcu.rcp.product_1.11.2_139060371_linux_gtk_x86_64/plugins/com.st.stm32cube.ide.mcu.externaltools.gnu-tools-for-stm32.11.3.rel1.linux64_1.0.100.202301251239/tools/bin/../lib/gcc/arm-none-eabi/11.3.1/thumb/v7e-m+fp/hard/libgcc.a

.comment        0x0000000000000000       0x43
 .comment       0x0000000000000000       0x43 /home/nada/.eclipse/com.st.stm32cube.ide.mcu.rcp.product_1.11.2_139060371_linux_gtk_x86_64/plugins/com.st.stm32cube.ide.mcu.externaltools.gnu-tools-for-stm32.11.3.rel1.linux64_1.0.100.202301251239/tools/bin/../lib/gcc/arm-none-eabi/11.3.1/thumb/v7e-m+fp/hard/crtbegin.o
                                         0x44 (size before relaxing)
 .comment       0x0000000000000043       0x44 ./Core/Src/main.o
 .comment       0x0000000000000043       0x44 ./Core/Src/stm32f7xx_hal_msp.o
 .comment       0x0000000000000043       0x44 ./Core/Src/stm32f7xx_hal_timebase_tim.o
 .comment       0x0000000000000043       0x44 ./Core/Src/stm32f7xx_it.o
 .comment       0x0000000000000043       0x44 ./Core/Src/system_stm32f7xx.o
 .comment       0x0000000000000043       0x44 ./Drivers/STM32F7xx_HAL_Driver/Src/stm32f7xx_hal.o
 .comment       0x0000000000000043       0x44 ./Drivers/STM32F7xx_HAL_Driver/Src/stm32f7xx_hal_cortex.o
 .comment       0x0000000000000043       0x44 ./Drivers/STM32F7xx_HAL_Driver/Src/stm32f7xx_hal_dma.o
 .comment       0x0000000000000043       0x44 ./Drivers/STM32F7xx_HAL_Driver/Src/stm32f7xx_hal_eth.o
 .comment       0x0000000000000043       0x44 ./Drivers/STM32F7xx_HAL_Driver/Src/stm32f7xx_hal_gpio.o
 .comment       0x0000000000000043       0x44 ./Drivers/STM32F7xx_HAL_Driver/Src/stm32f7xx_hal_pcd.o
 .comment       0x0000000000000043       0x44 ./Drivers/STM32F7xx_HAL_Driver/Src/stm32f7xx_hal_pcd_ex.o
 .comment       0x0000000000000043       0x44 ./Drivers/STM32F7xx_HAL_Driver/Src/stm32f7xx_hal_pwr.o
 .comment       0x0000000000000043       0x44 ./Drivers/STM32F7xx_HAL_Driver/Src/stm32f7xx_hal_rcc.o
 .comment       0x0000000000000043       0x44 ./Drivers/STM32F7xx_HAL_Driver/Src/stm32f7xx_hal_rcc_ex.o
 .comment       0x0000000000000043       0x44 ./Drivers/STM32F7xx_HAL_Driver/Src/stm32f7xx_hal_spi.o
 .comment       0x0000000000000043       0x44 ./Drivers/STM32F7xx_HAL_Driver/Src/stm32f7xx_hal_tim.o
 .comment       0x0000000000000043       0x44 ./Drivers/STM32F7xx_HAL_Driver/Src/stm32f7xx_hal_tim_ex.o
 .comment       0x0000000000000043       0x44 ./Drivers/STM32F7xx_HAL_Driver/Src/stm32f7xx_hal_uart.o
 .comment       0x0000000000000043       0x44 ./Drivers/STM32F7xx_HAL_Driver/Src/stm32f7xx_ll_usb.o
 .comment       0x0000000000000043       0x44 ./Middlewares/Third_Party/FreeRTOS/Source/CMSIS_RTOS_V2/cmsis_os2.o
 .comment       0x0000000000000043       0x44 ./Middlewares/Third_Party/FreeRTOS/Source/list.o
 .comment       0x0000000000000043       0x44 ./Middlewares/Third_Party/FreeRTOS/Source/queue.o
 .comment       0x0000000000000043       0x44 ./Middlewares/Third_Party/FreeRTOS/Source/tasks.o
 .comment       0x0000000000000043       0x44 ./Middlewares/Third_Party/FreeRTOS/Source/timers.o
 .comment       0x0000000000000043       0x44 ./Middlewares/Third_Party/FreeRTOS/Source/portable/GCC/ARM_CM7/r0p1/port.o
 .comment       0x0000000000000043       0x44 ./Middlewares/Third_Party/FreeRTOS/Source/portable/MemMang/heap_4.o

.debug_info     0x0000000000000000    0x240b4
 .debug_info    0x0000000000000000     0x2c27 ./Core/Src/main.o
 .debug_info    0x0000000000002c27     0x220b ./Core/Src/stm32f7xx_hal_msp.o
 .debug_info    0x0000000000004e32      0xcc3 ./Core/Src/stm32f7xx_hal_timebase_tim.o
 .debug_info    0x0000000000005af5      0xace ./Core/Src/stm32f7xx_it.o
 .debug_info    0x00000000000065c3      0x6ed ./Core/Src/system_stm32f7xx.o
 .debug_info    0x0000000000006cb0       0x23 ./Core/Startup/startup_stm32f746zgtx.o
 .debug_info    0x0000000000006cd3      0x9d8 ./Drivers/STM32F7xx_HAL_Driver/Src/stm32f7xx_hal.o
 .debug_info    0x00000000000076ab      0xf49 ./Drivers/STM32F7xx_HAL_Driver/Src/stm32f7xx_hal_cortex.o
 .debug_info    0x00000000000085f4      0x8e7 ./Drivers/STM32F7xx_HAL_Driver/Src/stm32f7xx_hal_dma.o
 .debug_info    0x0000000000008edb     0x2084 ./Drivers/STM32F7xx_HAL_Driver/Src/stm32f7xx_hal_eth.o
 .debug_info    0x000000000000af5f      0x6e7 ./Drivers/STM32F7xx_HAL_Driver/Src/stm32f7xx_hal_gpio.o
 .debug_info    0x000000000000b646     0x156c ./Drivers/STM32F7xx_HAL_Driver/Src/stm32f7xx_hal_pcd.o
 .debug_info    0x000000000000cbb2      0x78b ./Drivers/STM32F7xx_HAL_Driver/Src/stm32f7xx_hal_pcd_ex.o
 .debug_info    0x000000000000d33d      0x90e ./Drivers/STM32F7xx_HAL_Driver/Src/stm32f7xx_hal_pwr.o
 .debug_info    0x000000000000dc4b      0x8dc ./Drivers/STM32F7xx_HAL_Driver/Src/stm32f7xx_hal_rcc.o
 .debug_info    0x000000000000e527      0x6bd ./Drivers/STM32F7xx_HAL_Driver/Src/stm32f7xx_hal_rcc_ex.o
 .debug_info    0x000000000000ebe4     0x169b ./Drivers/STM32F7xx_HAL_Driver/Src/stm32f7xx_hal_spi.o
 .debug_info    0x000000000001027f     0x2a9a ./Drivers/STM32F7xx_HAL_Driver/Src/stm32f7xx_hal_tim.o
 .debug_info    0x0000000000012d19     0x15bb ./Drivers/STM32F7xx_HAL_Driver/Src/stm32f7xx_hal_tim_ex.o
 .debug_info    0x00000000000142d4     0x3a47 ./Drivers/STM32F7xx_HAL_Driver/Src/stm32f7xx_hal_uart.o
 .debug_info    0x0000000000017d1b     0x19bc ./Drivers/STM32F7xx_HAL_Driver/Src/stm32f7xx_ll_usb.o
 .debug_info    0x00000000000196d7     0x4057 ./Middlewares/Third_Party/FreeRTOS/Source/CMSIS_RTOS_V2/cmsis_os2.o
 .debug_info    0x000000000001d72e      0x2af ./Middlewares/Third_Party/FreeRTOS/Source/list.o
 .debug_info    0x000000000001d9dd     0x1b68 ./Middlewares/Third_Party/FreeRTOS/Source/queue.o
 .debug_info    0x000000000001f545     0x2817 ./Middlewares/Third_Party/FreeRTOS/Source/tasks.o
 .debug_info    0x0000000000021d5c     0x1aee ./Middlewares/Third_Party/FreeRTOS/Source/timers.o
 .debug_info    0x000000000002384a      0x4a7 ./Middlewares/Third_Party/FreeRTOS/Source/portable/GCC/ARM_CM7/r0p1/port.o
 .debug_info    0x0000000000023cf1      0x3c3 ./Middlewares/Third_Party/FreeRTOS/Source/portable/MemMang/heap_4.o

.debug_abbrev   0x0000000000000000     0x43ea
 .debug_abbrev  0x0000000000000000      0x361 ./Core/Src/main.o
 .debug_abbrev  0x0000000000000361      0x2b1 ./Core/Src/stm32f7xx_hal_msp.o
 .debug_abbrev  0x0000000000000612      0x1f4 ./Core/Src/stm32f7xx_hal_timebase_tim.o
 .debug_abbrev  0x0000000000000806      0x188 ./Core/Src/stm32f7xx_it.o
 .debug_abbrev  0x000000000000098e      0x13b ./Core/Src/system_stm32f7xx.o
 .debug_abbrev  0x0000000000000ac9       0x12 ./Core/Startup/startup_stm32f746zgtx.o
 .debug_abbrev  0x0000000000000adb      0x213 ./Drivers/STM32F7xx_HAL_Driver/Src/stm32f7xx_hal.o
 .debug_abbrev  0x0000000000000cee      0x329 ./Drivers/STM32F7xx_HAL_Driver/Src/stm32f7xx_hal_cortex.o
 .debug_abbrev  0x0000000000001017      0x264 ./Drivers/STM32F7xx_HAL_Driver/Src/stm32f7xx_hal_dma.o
 .debug_abbrev  0x000000000000127b      0x2ec ./Drivers/STM32F7xx_HAL_Driver/Src/stm32f7xx_hal_eth.o
 .debug_abbrev  0x0000000000001567      0x1d4 ./Drivers/STM32F7xx_HAL_Driver/Src/stm32f7xx_hal_gpio.o
 .debug_abbrev  0x000000000000173b      0x2e7 ./Drivers/STM32F7xx_HAL_Driver/Src/stm32f7xx_hal_pcd.o
 .debug_abbrev  0x0000000000001a22      0x1ca ./Drivers/STM32F7xx_HAL_Driver/Src/stm32f7xx_hal_pcd_ex.o
 .debug_abbrev  0x0000000000001bec      0x1c5 ./Drivers/STM32F7xx_HAL_Driver/Src/stm32f7xx_hal_pwr.o
 .debug_abbrev  0x0000000000001db1      0x288 ./Drivers/STM32F7xx_HAL_Driver/Src/stm32f7xx_hal_rcc.o
 .debug_abbrev  0x0000000000002039      0x1c9 ./Drivers/STM32F7xx_HAL_Driver/Src/stm32f7xx_hal_rcc_ex.o
 .debug_abbrev  0x0000000000002202      0x269 ./Drivers/STM32F7xx_HAL_Driver/Src/stm32f7xx_hal_spi.o
 .debug_abbrev  0x000000000000246b      0x278 ./Drivers/STM32F7xx_HAL_Driver/Src/stm32f7xx_hal_tim.o
 .debug_abbrev  0x00000000000026e3      0x283 ./Drivers/STM32F7xx_HAL_Driver/Src/stm32f7xx_hal_tim_ex.o
 .debug_abbrev  0x0000000000002966      0x2e6 ./Drivers/STM32F7xx_HAL_Driver/Src/stm32f7xx_hal_uart.o
 .debug_abbrev  0x0000000000002c4c      0x28c ./Drivers/STM32F7xx_HAL_Driver/Src/stm32f7xx_ll_usb.o
 .debug_abbrev  0x0000000000002ed8      0x48d ./Middlewares/Third_Party/FreeRTOS/Source/CMSIS_RTOS_V2/cmsis_os2.o
 .debug_abbrev  0x0000000000003365       0xf5 ./Middlewares/Third_Party/FreeRTOS/Source/list.o